Archive member included to satisfy reference by file (symbol)

C:\Users\mark\Desktop\Synnefa IoT\synnefa firmware\farmshield\build_output/..\..\..\..\..\AppData\Local\Temp\arduino\cores\456a8d0bf14d3aa01ebb57b084f1e7f7\core.a(Print.cpp.o)
                              C:\Users\mark\Desktop\Synnefa IoT\synnefa firmware\farmshield\build_output\sketch\src\libraries\irrigationValve\irrigationValve.cpp.o (Print::print(char const*))
C:\Users\mark\Desktop\Synnefa IoT\synnefa firmware\farmshield\build_output/..\..\..\..\..\AppData\Local\Temp\arduino\cores\456a8d0bf14d3aa01ebb57b084f1e7f7\core.a(SERCOM.cpp.o)
                              C:\Users\mark\Desktop\Synnefa IoT\synnefa firmware\farmshield\build_output\core\variant.cpp.o (SERCOM::SERCOM(Sercom*))
C:\Users\mark\Desktop\Synnefa IoT\synnefa firmware\farmshield\build_output/..\..\..\..\..\AppData\Local\Temp\arduino\cores\456a8d0bf14d3aa01ebb57b084f1e7f7\core.a(CDC.cpp.o)
                              C:\Users\mark\Desktop\Synnefa IoT\synnefa firmware\farmshield\build_output\sketch\src\libraries\irrigationValve\irrigationValve.cpp.o (Serial_::begin(unsigned long))
C:\Users\mark\Desktop\Synnefa IoT\synnefa firmware\farmshield\build_output/..\..\..\..\..\AppData\Local\Temp\arduino\cores\456a8d0bf14d3aa01ebb57b084f1e7f7\core.a(USBCore.cpp.o)
                              C:\Users\mark\Desktop\Synnefa IoT\synnefa firmware\farmshield\build_output/..\..\..\..\..\AppData\Local\Temp\arduino\cores\456a8d0bf14d3aa01ebb57b084f1e7f7\core.a(CDC.cpp.o) (USBDeviceClass::available(unsigned long))
C:\Users\mark\Desktop\Synnefa IoT\synnefa firmware\farmshield\build_output/..\..\..\..\..\AppData\Local\Temp\arduino\cores\456a8d0bf14d3aa01ebb57b084f1e7f7\core.a(Uart.cpp.o)
                              C:\Users\mark\Desktop\Synnefa IoT\synnefa firmware\farmshield\build_output\core\variant.cpp.o (Uart::Uart(SERCOM*, unsigned char, unsigned char, SercomRXPad, SercomUartTXPad))
C:\Users\mark\Desktop\Synnefa IoT\synnefa firmware\farmshield\build_output/..\..\..\..\..\AppData\Local\Temp\arduino\cores\456a8d0bf14d3aa01ebb57b084f1e7f7\core.a(abi.cpp.o)
                              C:\Users\mark\Desktop\Synnefa IoT\synnefa firmware\farmshield\build_output/..\..\..\..\..\AppData\Local\Temp\arduino\cores\456a8d0bf14d3aa01ebb57b084f1e7f7\core.a(Print.cpp.o) (__cxa_pure_virtual)
C:\Users\mark\Desktop\Synnefa IoT\synnefa firmware\farmshield\build_output/..\..\..\..\..\AppData\Local\Temp\arduino\cores\456a8d0bf14d3aa01ebb57b084f1e7f7\core.a(cortex_handlers.c.o)
                              (Reset_Handler)
C:\Users\mark\Desktop\Synnefa IoT\synnefa firmware\farmshield\build_output/..\..\..\..\..\AppData\Local\Temp\arduino\cores\456a8d0bf14d3aa01ebb57b084f1e7f7\core.a(delay.c.o)
                              C:\Users\mark\Desktop\Synnefa IoT\synnefa firmware\farmshield\build_output\libraries\DallasTemperature\DallasTemperature.cpp.o (millis)
C:\Users\mark\Desktop\Synnefa IoT\synnefa firmware\farmshield\build_output/..\..\..\..\..\AppData\Local\Temp\arduino\cores\456a8d0bf14d3aa01ebb57b084f1e7f7\core.a(hooks.c.o)
                              C:\Users\mark\Desktop\Synnefa IoT\synnefa firmware\farmshield\build_output\libraries\DallasTemperature\DallasTemperature.cpp.o (yield)
C:\Users\mark\Desktop\Synnefa IoT\synnefa firmware\farmshield\build_output/..\..\..\..\..\AppData\Local\Temp\arduino\cores\456a8d0bf14d3aa01ebb57b084f1e7f7\core.a(main.cpp.o)
                              c:/users/mark/appdata/local/arduino15/packages/adafruit/tools/arm-none-eabi-gcc/9-2019q4/bin/../lib/gcc/arm-none-eabi/9.2.1/../../../../arm-none-eabi/lib/thumb/v6-m/nofp/crt0.o (main)
C:\Users\mark\Desktop\Synnefa IoT\synnefa firmware\farmshield\build_output/..\..\..\..\..\AppData\Local\Temp\arduino\cores\456a8d0bf14d3aa01ebb57b084f1e7f7\core.a(new.cpp.o)
                              C:\Users\mark\Desktop\Synnefa IoT\synnefa firmware\farmshield\build_output/..\..\..\..\..\AppData\Local\Temp\arduino\cores\456a8d0bf14d3aa01ebb57b084f1e7f7\core.a(USBCore.cpp.o) (operator new(unsigned int))
C:\Users\mark\Desktop\Synnefa IoT\synnefa firmware\farmshield\build_output/..\..\..\..\..\AppData\Local\Temp\arduino\cores\456a8d0bf14d3aa01ebb57b084f1e7f7\core.a(startup.c.o)
                              C:\Users\mark\Desktop\Synnefa IoT\synnefa firmware\farmshield\build_output/..\..\..\..\..\AppData\Local\Temp\arduino\cores\456a8d0bf14d3aa01ebb57b084f1e7f7\core.a(cortex_handlers.c.o) (SystemInit)
C:\Users\mark\Desktop\Synnefa IoT\synnefa firmware\farmshield\build_output/..\..\..\..\..\AppData\Local\Temp\arduino\cores\456a8d0bf14d3aa01ebb57b084f1e7f7\core.a(wiring.c.o)
                              C:\Users\mark\Desktop\Synnefa IoT\synnefa firmware\farmshield\build_output/..\..\..\..\..\AppData\Local\Temp\arduino\cores\456a8d0bf14d3aa01ebb57b084f1e7f7\core.a(main.cpp.o) (init)
[...]
Memory Configuration

Name             Origin             Length             Attributes
FLASH            0x00002000         0x0003e000         xr
RAM              0x20000000         0x00008000         xrw
*default*        0x00000000         0xffffffff

Linker script and memory map

LOAD c:/users/mark/appdata/local/arduino15/packages/adafruit/tools/arm-none-eabi-gcc/9-2019q4/bin/../lib/gcc/arm-none-eabi/9.2.1/thumb/v6-m/nofp/crti.o
LOAD c:/users/mark/appdata/local/arduino15/packages/adafruit/tools/arm-none-eabi-gcc/9-2019q4/bin/../lib/gcc/arm-none-eabi/9.2.1/thumb/v6-m/nofp/crtbegin.o
LOAD c:/users/mark/appdata/local/arduino15/packages/adafruit/tools/arm-none-eabi-gcc/9-2019q4/bin/../lib/gcc/arm-none-eabi/9.2.1/../../../../arm-none-eabi/lib/thumb/v6-m/nofp/crt0.o
LOAD C:\Users\mark\Desktop\Synnefa IoT\synnefa firmware\farmshield\build_output\sketch\app.ino.cpp.o
LOAD C:\Users\mark\Desktop\Synnefa IoT\synnefa firmware\farmshield\build_output\sketch\src\libraries\irrigationValve\irrigationValve.cpp.o
LOAD C:\Users\mark\Desktop\Synnefa IoT\synnefa firmware\farmshield\build_output\sketch\src\libraries\libraries.cpp.o
LOAD C:\Users\mark\Desktop\Synnefa IoT\synnefa firmware\farmshield\build_output\sketch\src\libraries\soilTemp\soilTemp.cpp.o
LOAD C:\Users\mark\Desktop\Synnefa IoT\synnefa firmware\farmshield\build_output\libraries\OneWire\OneWire.cpp.o
LOAD C:\Users\mark\Desktop\Synnefa IoT\synnefa firmware\farmshield\build_output\libraries\DallasTemperature\DallasTemperature.cpp.o
LOAD C:\Users\mark\Desktop\Synnefa IoT\synnefa firmware\farmshield\build_output\core\variant.cpp.o
START GROUP
LOAD C:\Users\mark\AppData\Local\Arduino15\packages\adafruit\tools\CMSIS\5.4.0/CMSIS/Lib/GCC/\libarm_cortexM0l_math.a
LOAD C:\Users\mark\Desktop\Synnefa IoT\synnefa firmware\farmshield\build_output/..\..\..\..\..\AppData\Local\Temp\arduino\cores\456a8d0bf14d3aa01ebb57b084f1e7f7\core.a
END GROUP
LOAD c:/users/mark/appdata/local/arduino15/packages/adafruit/tools/arm-none-eabi-gcc/9-2019q4/bin/../lib/gcc/arm-none-eabi/9.2.1/../../../../arm-none-eabi/lib/thumb/v6-m/nofp\libstdc++_nano.a
LOAD c:/users/mark/appdata/local/arduino15/packages/adafruit/tools/arm-none-eabi-gcc/9-2019q4/bin/../lib/gcc/arm-none-eabi/9.2.1/../../../../arm-none-eabi/lib/thumb/v6-m/nofp\libm.a
START GROUP
LOAD c:/users/mark/appdata/local/arduino15/packages/adafruit/tools/arm-none-eabi-gcc/9-2019q4/bin/../lib/gcc/arm-none-eabi/9.2.1/thumb/v6-m/nofp\libgcc.a
LOAD c:/users/mark/appdata/local/arduino15/packages/adafruit/tools/arm-none-eabi-gcc/9-2019q4/bin/../lib/gcc/arm-none-eabi/9.2.1/../../../../arm-none-eabi/lib/thumb/v6-m/nofp\libc_nano.a
END GROUP
START GROUP
LOAD c:/users/mark/appdata/local/arduino15/packages/adafruit/tools/arm-none-eabi-gcc/9-2019q4/bin/../lib/gcc/arm-none-eabi/9.2.1/thumb/v6-m/nofp\libgcc.a
LOAD c:/users/mark/appdata/local/arduino15/packages/adafruit/tools/arm-none-eabi-gcc/9-2019q4/bin/../lib/gcc/arm-none-eabi/9.2.1/../../../../arm-none-eabi/lib/thumb/v6-m/nofp\libc_nano.a
LOAD c:/users/mark/appdata/local/arduino15/packages/adafruit/tools/arm-none-eabi-gcc/9-2019q4/bin/../lib/gcc/arm-none-eabi/9.2.1/../../../../arm-none-eabi/lib/thumb/v6-m/nofp\libnosys.a
END GROUP
START GROUP
LOAD c:/users/mark/appdata/local/arduino15/packages/adafruit/tools/arm-none-eabi-gcc/9-2019q4/bin/../lib/gcc/arm-none-eabi/9.2.1/thumb/v6-m/nofp\libgcc.a
LOAD c:/users/mark/appdata/local/arduino15/packages/adafruit/tools/arm-none-eabi-gcc/9-2019q4/bin/../lib/gcc/arm-none-eabi/9.2.1/../../../../arm-none-eabi/lib/thumb/v6-m/nofp\libc_nano.a
LOAD c:/users/mark/appdata/local/arduino15/packages/adafruit/tools/arm-none-eabi-gcc/9-2019q4/bin/../lib/gcc/arm-none-eabi/9.2.1/../../../../arm-none-eabi/lib/thumb/v6-m/nofp\libnosys.a
END GROUP
LOAD c:/users/mark/appdata/local/arduino15/packages/adafruit/tools/arm-none-eabi-gcc/9-2019q4/bin/../lib/gcc/arm-none-eabi/9.2.1/thumb/v6-m/nofp/crtend.o
LOAD c:/users/mark/appdata/local/arduino15/packages/adafruit/tools/arm-none-eabi-gcc/9-2019q4/bin/../lib/gcc/arm-none-eabi/9.2.1/thumb/v6-m/nofp/crtn.o

.text           0x00002000     0x58ac
                0x00002000                __text_start__ = .
 *(.isr_vector)
 .isr_vector    0x00002000       0xb4 C:\Users\mark\Desktop\Synnefa IoT\synnefa firmware\farmshield\build_output/..\..\..\..\..\AppData\Local\Temp\arduino\cores\456a8d0bf14d3aa01ebb57b084f1e7f7\core.a(cortex_handlers.c.o)
                0x00002000                exception_table
 *(.text*)
 .text          0x000020b4       0x48 c:/users/mark/appdata/local/arduino15/packages/adafruit/tools/arm-none-eabi-gcc/9-2019q4/bin/../lib/gcc/arm-none-eabi/9.2.1/thumb/v6-m/nofp/crtbegin.o
 .text.setup    0x000020fc       0x1c C:\Users\mark\Desktop\Synnefa IoT\synnefa firmware\farmshield\build_output\sketch\app.ino.cpp.o
                0x000020fc                setup
 .text.loop     0x00002118       0x5c C:\Users\mark\Desktop\Synnefa IoT\synnefa firmware\farmshield\build_output\sketch\app.ino.cpp.o
                0x00002118                loop
 .text._Z22setup_Irrigation_Valvev
                0x00002174       0x38 C:\Users\mark\Desktop\Synnefa IoT\synnefa firmware\farmshield\build_output\sketch\src\libraries\irrigationValve\irrigationValve.cpp.o
                0x00002174                setup_Irrigation_Valve()
 .text._Z21open_Irrigation_Valvev
                0x000021ac       0x24 C:\Users\mark\Desktop\Synnefa IoT\synnefa firmware\farmshield\build_output\sketch\src\libraries\irrigationValve\irrigationValve.cpp.o
                0x000021ac                open_Irrigation_Valve()
 .text._Z22close_Irrigation_Valvev
                0x000021d0       0x24 C:\Users\mark\Desktop\Synnefa IoT\synnefa firmware\farmshield\build_output\sketch\src\libraries\irrigationValve\irrigationValve.cpp.o
                0x000021d0                close_Irrigation_Valve()
 .text._Z27get_Irrigation_Valve_Statusv
                0x000021f4       0x3c C:\Users\mark\Desktop\Synnefa IoT\synnefa firmware\farmshield\build_output\sketch\src\libraries\irrigationValve\irrigationValve.cpp.o
                0x000021f4                get_Irrigation_Valve_Status()
 .text._Z29setup_Soil_Temperature_Sensorv
                0x00002230       0x1c C:\Users\mark\Desktop\Synnefa IoT\synnefa firmware\farmshield\build_output\sketch\src\libraries\soilTemp\soilTemp.cpp.o
                0x00002230                setup_Soil_Temperature_Sensor()
 .text._Z22check_Soil_Temperaturev
                0x0000224c       0x44 C:\Users\mark\Desktop\Synnefa IoT\synnefa firmware\farmshield\build_output\sketch\src\libraries\soilTemp\soilTemp.cpp.o
                0x0000224c                check_Soil_Temperature()
 .text.startup._GLOBAL__sub_I_oneWire
                0x00002290       0x20 C:\Users\mark\Desktop\Synnefa IoT\synnefa firmware\farmshield\build_output\sketch\src\libraries\soilTemp\soilTemp.cpp.o
 .text._ZN7OneWire5resetEv
                0x000022b0       0x56 C:\Users\mark\Desktop\Synnefa IoT\synnefa firmware\farmshield\build_output\libraries\OneWire\OneWire.cpp.o
                0x000022b0                OneWire::reset()
 .text._ZN7OneWire9write_bitEh
                0x00002306       0x36 C:\Users\mark\Desktop\Synnefa IoT\synnefa firmware\farmshield\build_output\libraries\OneWire\OneWire.cpp.o
                0x00002306                OneWire::write_bit(unsigned char)
 .text._ZN7OneWire8read_bitEv
                0x0000233c       0x2e C:\Users\mark\Desktop\Synnefa IoT\synnefa firmware\farmshield\build_output\libraries\OneWire\OneWire.cpp.o
                0x0000233c                OneWire::read_bit()
 .text._ZN7OneWire5writeEhh
                0x0000236a       0x38 C:\Users\mark\Desktop\Synnefa IoT\synnefa firmware\farmshield\build_output\libraries\OneWire\OneWire.cpp.o
                0x0000236a                OneWire::write(unsigned char, unsigned char)
 .text._ZN7OneWire4readEv
                0x000023a2       0x24 C:\Users\mark\Desktop\Synnefa IoT\synnefa firmware\farmshield\build_output\libraries\OneWire\OneWire.cpp.o
                0x000023a2                OneWire::read()
 .text._ZN7OneWire6selectEPKh
                0x000023c6       0x24 C:\Users\mark\Desktop\Synnefa IoT\synnefa firmware\farmshield\build_output\libraries\OneWire\OneWire.cpp.o
                0x000023c6                OneWire::select(unsigned char const*)
 .text._ZN7OneWire4skipEv
                0x000023ea        0xc C:\Users\mark\Desktop\Synnefa IoT\synnefa firmware\farmshield\build_output\libraries\OneWire\OneWire.cpp.o
                0x000023ea                OneWire::skip()
 .text._ZN7OneWire12reset_searchEv
                0x000023f6        0xc C:\Users\mark\Desktop\Synnefa IoT\synnefa firmware\farmshield\build_output\libraries\OneWire\OneWire.cpp.o
                0x000023f6                OneWire::reset_search()
 *fill*         0x00002402        0x2 
 .text._ZN7OneWire5beginEh
                0x00002404       0x38 C:\Users\mark\Desktop\Synnefa IoT\synnefa firmware\farmshield\build_output\libraries\OneWire\OneWire.cpp.o
                0x00002404                OneWire::begin(unsigned char)
 .text._ZN7OneWire6searchEPhb
                0x0000243c       0xe6 C:\Users\mark\Desktop\Synnefa IoT\synnefa firmware\farmshield\build_output\libraries\OneWire\OneWire.cpp.o
                0x0000243c                OneWire::search(unsigned char*, bool)
 *fill*         0x00002522        0x2 
 .text._ZN7OneWire4crc8EPKhh
                0x00002524       0x2c C:\Users\mark\Desktop\Synnefa IoT\synnefa firmware\farmshield\build_output\libraries\OneWire\OneWire.cpp.o
                0x00002524                OneWire::crc8(unsigned char const*, unsigned char)
 .text._ZN17DallasTemperature11validFamilyEPKh
                0x00002550       0x34 C:\Users\mark\Desktop\Synnefa IoT\synnefa firmware\farmshield\build_output\libraries\DallasTemperature\DallasTemperature.cpp.o
                0x00002550                DallasTemperature::validFamily(unsigned char const*)
 .text._ZN17DallasTemperature10setOneWireEP7OneWire
                0x00002584       0x18 C:\Users\mark\Desktop\Synnefa IoT\synnefa firmware\farmshield\build_output\libraries\DallasTemperature\DallasTemperature.cpp.o
                0x00002584                DallasTemperature::setOneWire(OneWire*)
 .text._ZN17DallasTemperatureC2EP7OneWire
                0x0000259c       0x12 C:\Users\mark\Desktop\Synnefa IoT\synnefa firmware\farmshield\build_output\libraries\DallasTemperature\DallasTemperature.cpp.o
                0x0000259c                DallasTemperature::DallasTemperature(OneWire*)
                0x0000259c                DallasTemperature::DallasTemperature(OneWire*)
 .text._ZN17DallasTemperature12validAddressEPKh
                0x000025ae       0x18 C:\Users\mark\Desktop\Synnefa IoT\synnefa firmware\farmshield\build_output\libraries\DallasTemperature\DallasTemperature.cpp.o
                0x000025ae                DallasTemperature::validAddress(unsigned char const*)
 .text._ZN17DallasTemperature10getAddressEPhh
                0x000025c6       0x3c C:\Users\mark\Desktop\Synnefa IoT\synnefa firmware\farmshield\build_output\libraries\DallasTemperature\DallasTemperature.cpp.o
                0x000025c6                DallasTemperature::getAddress(unsigned char*, unsigned char)
 .text._ZN17DallasTemperature14readScratchPadEPKhPh
                0x00002602       0x4a C:\Users\mark\Desktop\Synnefa IoT\synnefa firmware\farmshield\build_output\libraries\DallasTemperature\DallasTemperature.cpp.o
                0x00002602                DallasTemperature::readScratchPad(unsigned char const*, unsigned char*)
 .text._ZN17DallasTemperature15readPowerSupplyEPKh
                0x0000264c       0x40 C:\Users\mark\Desktop\Synnefa IoT\synnefa firmware\farmshield\build_output\libraries\DallasTemperature\DallasTemperature.cpp.o
                0x0000264c                DallasTemperature::readPowerSupply(unsigned char const*)
 .text._ZN17DallasTemperature20isConversionCompleteEv
                0x0000268c       0x12 C:\Users\mark\Desktop\Synnefa IoT\synnefa firmware\farmshield\build_output\libraries\DallasTemperature\DallasTemperature.cpp.o
                0x0000268c                DallasTemperature::isConversionComplete()
 .text._ZN17DallasTemperature22activateExternalPullupEv
                0x0000269e       0x12 C:\Users\mark\Desktop\Synnefa IoT\synnefa firmware\farmshield\build_output\libraries\DallasTemperature\DallasTemperature.cpp.o
                0x0000269e                DallasTemperature::activateExternalPullup()
 .text._ZN17DallasTemperature24deactivateExternalPullupEv
                0x000026b0       0x12 C:\Users\mark\Desktop\Synnefa IoT\synnefa firmware\farmshield\build_output\libraries\DallasTemperature\DallasTemperature.cpp.o
                0x000026b0                DallasTemperature::deactivateExternalPullup()
 *fill*         0x000026c2        0x2 
 .text._ZN17DallasTemperature27blockTillConversionCompleteEh
                0x000026c4       0x64 C:\Users\mark\Desktop\Synnefa IoT\synnefa firmware\farmshield\build_output\libraries\DallasTemperature\DallasTemperature.cpp.o
                0x000026c4                DallasTemperature::blockTillConversionComplete(unsigned char)
 .text._ZN17DallasTemperature19requestTemperaturesEv
                0x00002728       0x2a C:\Users\mark\Desktop\Synnefa IoT\synnefa firmware\farmshield\build_output\libraries\DallasTemperature\DallasTemperature.cpp.o
                0x00002728                DallasTemperature::requestTemperatures()
 .text._ZN17DallasTemperature20calculateTemperatureEPKhPh
                0x00002752       0x34 C:\Users\mark\Desktop\Synnefa IoT\synnefa firmware\farmshield\build_output\libraries\DallasTemperature\DallasTemperature.cpp.o
                0x00002752                DallasTemperature::calculateTemperature(unsigned char const*, unsigned char*)
 *fill*         0x00002786        0x2 
 .text._ZN17DallasTemperature12rawToCelsiusEs
                0x00002788       0x24 C:\Users\mark\Desktop\Synnefa IoT\synnefa firmware\farmshield\build_output\libraries\DallasTemperature\DallasTemperature.cpp.o
                0x00002788                DallasTemperature::rawToCelsius(short)
 .text._ZN17DallasTemperature10isAllZerosEPKhj
                0x000027ac       0x18 C:\Users\mark\Desktop\Synnefa IoT\synnefa firmware\farmshield\build_output\libraries\DallasTemperature\DallasTemperature.cpp.o
                0x000027ac                DallasTemperature::isAllZeros(unsigned char const*, unsigned int)
 .text._ZN17DallasTemperature11isConnectedEPKhPh
                0x000027c4       0x34 C:\Users\mark\Desktop\Synnefa IoT\synnefa firmware\farmshield\build_output\libraries\DallasTemperature\DallasTemperature.cpp.o
                0x000027c4                DallasTemperature::isConnected(unsigned char const*, unsigned char*)
 .text._ZN17DallasTemperature13getResolutionEPKh
                0x000027f8       0x40 C:\Users\mark\Desktop\Synnefa IoT\synnefa firmware\farmshield\build_output\libraries\DallasTemperature\DallasTemperature.cpp.o
                0x000027f8                DallasTemperature::getResolution(unsigned char const*)
 .text._ZN17DallasTemperature5beginEv
                0x00002838       0x6c C:\Users\mark\Desktop\Synnefa IoT\synnefa firmware\farmshield\build_output\libraries\DallasTemperature\DallasTemperature.cpp.o
                0x00002838                DallasTemperature::begin()
 .text._ZN17DallasTemperature7getTempEPKh
                0x000028a4       0x28 C:\Users\mark\Desktop\Synnefa IoT\synnefa firmware\farmshield\build_output\libraries\DallasTemperature\DallasTemperature.cpp.o
                0x000028a4                DallasTemperature::getTemp(unsigned char const*)
 .text._ZN17DallasTemperature8getTempCEPKh
                0x000028cc        0xc C:\Users\mark\Desktop\Synnefa IoT\synnefa firmware\farmshield\build_output\libraries\DallasTemperature\DallasTemperature.cpp.o
                0x000028cc                DallasTemperature::getTempC(unsigned char const*)
 .text._ZN17DallasTemperature15getTempCByIndexEh
                0x000028d8       0x24 C:\Users\mark\Desktop\Synnefa IoT\synnefa firmware\farmshield\build_output\libraries\DallasTemperature\DallasTemperature.cpp.o
                0x000028d8                DallasTemperature::getTempCByIndex(unsigned char)
 .text.SERCOM0_Handler
                0x000028fc       0x10 C:\Users\mark\Desktop\Synnefa IoT\synnefa firmware\farmshield\build_output\core\variant.cpp.o
                0x000028fc                SERCOM0_Handler
 .text.startup._GLOBAL__sub_I_g_APinDescription
                0x0000290c       0x7c C:\Users\mark\Desktop\Synnefa IoT\synnefa firmware\farmshield\build_output\core\variant.cpp.o
 .text._ZN5Print5writeEPKhj
                0x00002988       0x24 C:\Users\mark\Desktop\Synnefa IoT\synnefa firmware\farmshield\build_output/..\..\..\..\..\AppData\Local\Temp\arduino\cores\456a8d0bf14d3aa01ebb57b084f1e7f7\core.a(Print.cpp.o)
                0x00002988                Print::write(unsigned char const*, unsigned int)
 .text._ZN5Print5writeEPKc
                0x000029ac       0x1c C:\Users\mark\Desktop\Synnefa IoT\synnefa firmware\farmshield\build_output/..\..\..\..\..\AppData\Local\Temp\arduino\cores\456a8d0bf14d3aa01ebb57b084f1e7f7\core.a(Print.cpp.o)
                0x000029ac                Print::write(char const*)
 .text._ZN5Print5printEPKc
                0x000029c8        0x8 C:\Users\mark\Desktop\Synnefa IoT\synnefa firmware\farmshield\build_output/..\..\..\..\..\AppData\Local\Temp\arduino\cores\456a8d0bf14d3aa01ebb57b084f1e7f7\core.a(Print.cpp.o)
                0x000029c8                Print::print(char const*)
 .text._ZN5Print5printEc
                0x000029d0        0xa C:\Users\mark\Desktop\Synnefa IoT\synnefa firmware\farmshield\build_output/..\..\..\..\..\AppData\Local\Temp\arduino\cores\456a8d0bf14d3aa01ebb57b084f1e7f7\core.a(Print.cpp.o)
                0x000029d0                Print::print(char)
 *fill*         0x000029da        0x2 
 .text._ZN5Print7printlnEv
                0x000029dc       0x10 C:\Users\mark\Desktop\Synnefa IoT\synnefa firmware\farmshield\build_output/..\..\..\..\..\AppData\Local\Temp\arduino\cores\456a8d0bf14d3aa01ebb57b084f1e7f7\core.a(Print.cpp.o)
                0x000029dc                Print::println()
 .text._ZN5Print7printlnEPKc
                0x000029ec       0x14 C:\Users\mark\Desktop\Synnefa IoT\synnefa firmware\farmshield\build_output/..\..\..\..\..\AppData\Local\Temp\arduino\cores\456a8d0bf14d3aa01ebb57b084f1e7f7\core.a(Print.cpp.o)
                0x000029ec                Print::println(char const*)
 .text._ZN5Print11printNumberEmh
                0x00002a00       0x50 C:\Users\mark\Desktop\Synnefa IoT\synnefa firmware\farmshield\build_output/..\..\..\..\..\AppData\Local\Temp\arduino\cores\456a8d0bf14d3aa01ebb57b084f1e7f7\core.a(Print.cpp.o)
                0x00002a00                Print::printNumber(unsigned long, unsigned char)
 .text._ZN5Print10printFloatEdh
                0x00002a50      0x168 C:\Users\mark\Desktop\Synnefa IoT\synnefa firmware\farmshield\build_output/..\..\..\..\..\AppData\Local\Temp\arduino\cores\456a8d0bf14d3aa01ebb57b084f1e7f7\core.a(Print.cpp.o)
                0x00002a50                Print::printFloat(double, unsigned char)
 .text._ZN5Print7printlnEdi
                0x00002bb8       0x1a C:\Users\mark\Desktop\Synnefa IoT\synnefa firmware\farmshield\build_output/..\..\..\..\..\AppData\Local\Temp\arduino\cores\456a8d0bf14d3aa01ebb57b084f1e7f7\core.a(Print.cpp.o)
                0x00002bb8                Print::println(double, int)
 .text._ZN6SERCOMC2EP6Sercom
                0x00002bd2        0x4 C:\Users\mark\Desktop\Synnefa IoT\synnefa firmware\farmshield\build_output/..\..\..\..\..\AppData\Local\Temp\arduino\cores\456a8d0bf14d3aa01ebb57b084f1e7f7\core.a(SERCOM.cpp.o)
                0x00002bd2                SERCOM::SERCOM(Sercom*)
                0x00002bd2                SERCOM::SERCOM(Sercom*)
 .text._ZN6SERCOM9initFrameE18SercomUartCharSize15SercomDataOrder16SercomParityMode19SercomNumberStopBit
                0x00002bd6       0x3a C:\Users\mark\Desktop\Synnefa IoT\synnefa firmware\farmshield\build_output/..\..\..\..\..\AppData\Local\Temp\arduino\cores\456a8d0bf14d3aa01ebb57b084f1e7f7\core.a(SERCOM.cpp.o)
                0x00002bd6                SERCOM::initFrame(SercomUartCharSize, SercomDataOrder, SercomParityMode, SercomNumberStopBit)
 .text._ZN6SERCOM8initPadsE15SercomUartTXPad11SercomRXPad
                0x00002c10       0x26 C:\Users\mark\Desktop\Synnefa IoT\synnefa firmware\farmshield\build_output/..\..\..\..\..\AppData\Local\Temp\arduino\cores\456a8d0bf14d3aa01ebb57b084f1e7f7\core.a(SERCOM.cpp.o)
                0x00002c10                SERCOM::initPads(SercomUartTXPad, SercomRXPad)
 .text._ZN6SERCOM9resetUARTEv
                0x00002c36       0x1a C:\Users\mark\Desktop\Synnefa IoT\synnefa firmware\farmshield\build_output/..\..\..\..\..\AppData\Local\Temp\arduino\cores\456a8d0bf14d3aa01ebb57b084f1e7f7\core.a(SERCOM.cpp.o)
                0x00002c36                SERCOM::resetUART()
 .text._ZN6SERCOM10enableUARTEv
                0x00002c50       0x14 C:\Users\mark\Desktop\Synnefa IoT\synnefa firmware\farmshield\build_output/..\..\..\..\..\AppData\Local\Temp\arduino\cores\456a8d0bf14d3aa01ebb57b084f1e7f7\core.a(SERCOM.cpp.o)
                0x00002c50                SERCOM::enableUART()
 .text._ZN6SERCOM9flushUARTEv
                0x00002c64       0x10 C:\Users\mark\Desktop\Synnefa IoT\synnefa firmware\farmshield\build_output/..\..\..\..\..\AppData\Local\Temp\arduino\cores\456a8d0bf14d3aa01ebb57b084f1e7f7\core.a(SERCOM.cpp.o)
                0x00002c64                SERCOM::flushUART()
 .text._ZN6SERCOM15clearStatusUARTEv
                0x00002c74        0x8 C:\Users\mark\Desktop\Synnefa IoT\synnefa firmware\farmshield\build_output/..\..\..\..\..\AppData\Local\Temp\arduino\cores\456a8d0bf14d3aa01ebb57b084f1e7f7\core.a(SERCOM.cpp.o)
                0x00002c74                SERCOM::clearStatusUART()
 .text._ZN6SERCOM17availableDataUARTEv
                0x00002c7c        0xa C:\Users\mark\Desktop\Synnefa IoT\synnefa firmware\farmshield\build_output/..\..\..\..\..\AppData\Local\Temp\arduino\cores\456a8d0bf14d3aa01ebb57b084f1e7f7\core.a(SERCOM.cpp.o)
                0x00002c7c                SERCOM::availableDataUART()
 .text._ZN6SERCOM11isUARTErrorEv
                0x00002c86        0x8 C:\Users\mark\Desktop\Synnefa IoT\synnefa firmware\farmshield\build_output/..\..\..\..\..\AppData\Local\Temp\arduino\cores\456a8d0bf14d3aa01ebb57b084f1e7f7\core.a(SERCOM.cpp.o)
                0x00002c86                SERCOM::isUARTError()
 .text._ZN6SERCOM20acknowledgeUARTErrorEv
                0x00002c8e        0xe C:\Users\mark\Desktop\Synnefa IoT\synnefa firmware\farmshield\build_output/..\..\..\..\..\AppData\Local\Temp\arduino\cores\456a8d0bf14d3aa01ebb57b084f1e7f7\core.a(SERCOM.cpp.o)
                0x00002c8e                SERCOM::acknowledgeUARTError()
 .text._ZN6SERCOM16isFrameErrorUARTEv
                0x00002c9c        0xa C:\Users\mark\Desktop\Synnefa IoT\synnefa firmware\farmshield\build_output/..\..\..\..\..\AppData\Local\Temp\arduino\cores\456a8d0bf14d3aa01ebb57b084f1e7f7\core.a(SERCOM.cpp.o)
                0x00002c9c                SERCOM::isFrameErrorUART()
 .text._ZN6SERCOM19clearFrameErrorUARTEv
                0x00002ca6        0xc C:\Users\mark\Desktop\Synnefa IoT\synnefa firmware\farmshield\build_output/..\..\..\..\..\AppData\Local\Temp\arduino\cores\456a8d0bf14d3aa01ebb57b084f1e7f7\core.a(SERCOM.cpp.o)
                0x00002ca6                SERCOM::clearFrameErrorUART()
 .text._ZN6SERCOM23isDataRegisterEmptyUARTEv
                0x00002cb2        0xa C:\Users\mark\Desktop\Synnefa IoT\synnefa firmware\farmshield\build_output/..\..\..\..\..\AppData\Local\Temp\arduino\cores\456a8d0bf14d3aa01ebb57b084f1e7f7\core.a(SERCOM.cpp.o)
                0x00002cb2                SERCOM::isDataRegisterEmptyUART()
 .text._ZN6SERCOM12readDataUARTEv
                0x00002cbc        0x8 C:\Users\mark\Desktop\Synnefa IoT\synnefa firmware\farmshield\build_output/..\..\..\..\..\AppData\Local\Temp\arduino\cores\456a8d0bf14d3aa01ebb57b084f1e7f7\core.a(SERCOM.cpp.o)
                0x00002cbc                SERCOM::readDataUART()
 .text._ZN6SERCOM13writeDataUARTEh
                0x00002cc4       0x10 C:\Users\mark\Desktop\Synnefa IoT\synnefa firmware\farmshield\build_output/..\..\..\..\..\AppData\Local\Temp\arduino\cores\456a8d0bf14d3aa01ebb57b084f1e7f7\core.a(SERCOM.cpp.o)
                0x00002cc4                SERCOM::writeDataUART(unsigned char)
 .text._ZN6SERCOM36enableDataRegisterEmptyInterruptUARTEv
                0x00002cd4        0x8 C:\Users\mark\Desktop\Synnefa IoT\synnefa firmware\farmshield\build_output/..\..\..\..\..\AppData\Local\Temp\arduino\cores\456a8d0bf14d3aa01ebb57b084f1e7f7\core.a(SERCOM.cpp.o)
                0x00002cd4                SERCOM::enableDataRegisterEmptyInterruptUART()
 .text._ZN6SERCOM37disableDataRegisterEmptyInterruptUARTEv
                0x00002cdc        0x8 C:\Users\mark\Desktop\Synnefa IoT\synnefa firmware\farmshield\build_output/..\..\..\..\..\AppData\Local\Temp\arduino\cores\456a8d0bf14d3aa01ebb57b084f1e7f7\core.a(SERCOM.cpp.o)
                0x00002cdc                SERCOM::disableDataRegisterEmptyInterruptUART()
 .text._ZN6SERCOM14getSercomIndexEv
                0x00002ce4       0x5c C:\Users\mark\Desktop\Synnefa IoT\synnefa firmware\farmshield\build_output/..\..\..\..\..\AppData\Local\Temp\arduino\cores\456a8d0bf14d3aa01ebb57b084f1e7f7\core.a(SERCOM.cpp.o)
                0x00002ce4                SERCOM::getSercomIndex()
 .text._ZN6SERCOM13initClockNVICEv
                0x00002d40       0x90 C:\Users\mark\Desktop\Synnefa IoT\synnefa firmware\farmshield\build_output/..\..\..\..\..\AppData\Local\Temp\arduino\cores\456a8d0bf14d3aa01ebb57b084f1e7f7\core.a(SERCOM.cpp.o)
                0x00002d40                SERCOM::initClockNVIC()
 .text._ZN6SERCOM8initUARTE14SercomUartMode20SercomUartSampleRatem
                0x00002dd0       0x6c C:\Users\mark\Desktop\Synnefa IoT\synnefa firmware\farmshield\build_output/..\..\..\..\..\AppData\Local\Temp\arduino\cores\456a8d0bf14d3aa01ebb57b084f1e7f7\core.a(SERCOM.cpp.o)
                0x00002dd0                SERCOM::initUART(SercomUartMode, SercomUartSampleRate, unsigned long)
 .text._ZN7Serial_17availableForWriteEv
                0x00002e3c        0x4 C:\Users\mark\Desktop\Synnefa IoT\synnefa firmware\farmshield\build_output/..\..\..\..\..\AppData\Local\Temp\arduino\cores\456a8d0bf14d3aa01ebb57b084f1e7f7\core.a(CDC.cpp.o)
                0x00002e3c                Serial_::availableForWrite()
 .text._ZN7Serial_5writeEh
                0x00002e40       0x14 C:\Users\mark\Desktop\Synnefa IoT\synnefa firmware\farmshield\build_output/..\..\..\..\..\AppData\Local\Temp\arduino\cores\456a8d0bf14d3aa01ebb57b084f1e7f7\core.a(CDC.cpp.o)
                0x00002e40                Serial_::write(unsigned char)
 .text._ZN7Serial_9availableEv
                0x00002e54        0xc C:\Users\mark\Desktop\Synnefa IoT\synnefa firmware\farmshield\build_output/..\..\..\..\..\AppData\Local\Temp\arduino\cores\456a8d0bf14d3aa01ebb57b084f1e7f7\core.a(CDC.cpp.o)
                0x00002e54                Serial_::available()
 .text._ZN7Serial_5flushEv
                0x00002e60        0xc C:\Users\mark\Desktop\Synnefa IoT\synnefa firmware\farmshield\build_output/..\..\..\..\..\AppData\Local\Temp\arduino\cores\456a8d0bf14d3aa01ebb57b084f1e7f7\core.a(CDC.cpp.o)
                0x00002e60                Serial_::flush()
 .text._ZN7Serial_5writeEPKhj
                0x00002e6c       0x2c C:\Users\mark\Desktop\Synnefa IoT\synnefa firmware\farmshield\build_output/..\..\..\..\..\AppData\Local\Temp\arduino\cores\456a8d0bf14d3aa01ebb57b084f1e7f7\core.a(CDC.cpp.o)
                0x00002e6c                Serial_::write(unsigned char const*, unsigned int)
 .text._ZN7Serial_4peekEv
                0x00002e98       0x1c C:\Users\mark\Desktop\Synnefa IoT\synnefa firmware\farmshield\build_output/..\..\..\..\..\AppData\Local\Temp\arduino\cores\456a8d0bf14d3aa01ebb57b084f1e7f7\core.a(CDC.cpp.o)
                0x00002e98                Serial_::peek()
 .text._ZN7Serial_4readEv
                0x00002eb4       0x24 C:\Users\mark\Desktop\Synnefa IoT\synnefa firmware\farmshield\build_output/..\..\..\..\..\AppData\Local\Temp\arduino\cores\456a8d0bf14d3aa01ebb57b084f1e7f7\core.a(CDC.cpp.o)
                0x00002eb4                Serial_::read()
 .text._Z16CDC_GetInterfacePh
                0x00002ed8       0x1c C:\Users\mark\Desktop\Synnefa IoT\synnefa firmware\farmshield\build_output/..\..\..\..\..\AppData\Local\Temp\arduino\cores\456a8d0bf14d3aa01ebb57b084f1e7f7\core.a(CDC.cpp.o)
                0x00002ed8                CDC_GetInterface(unsigned char*)
 .text._Z9CDC_SetupR8USBSetup
                0x00002ef4       0x7c C:\Users\mark\Desktop\Synnefa IoT\synnefa firmware\farmshield\build_output/..\..\..\..\..\AppData\Local\Temp\arduino\cores\456a8d0bf14d3aa01ebb57b084f1e7f7\core.a(CDC.cpp.o)
                0x00002ef4                CDC_Setup(USBSetup&)
 .text._ZN7Serial_5beginEm
                0x00002f70        0x2 C:\Users\mark\Desktop\Synnefa IoT\synnefa firmware\farmshield\build_output/..\..\..\..\..\AppData\Local\Temp\arduino\cores\456a8d0bf14d3aa01ebb57b084f1e7f7\core.a(CDC.cpp.o)
                0x00002f70                Serial_::begin(unsigned long)
 *fill*         0x00002f72        0x2 
 .text.startup._GLOBAL__sub_I__Z17_CDC_GetInterfacev
                0x00002f74       0x28 C:\Users\mark\Desktop\Synnefa IoT\synnefa firmware\farmshield\build_output/..\..\..\..\..\AppData\Local\Temp\arduino\cores\456a8d0bf14d3aa01ebb57b084f1e7f7\core.a(CDC.cpp.o)
 .text._ZN26DoubleBufferedEPOutHandler4initEv
                0x00002f9c        0x2 C:\Users\mark\Desktop\Synnefa IoT\synnefa firmware\farmshield\build_output/..\..\..\..\..\AppData\Local\Temp\arduino\cores\456a8d0bf14d3aa01ebb57b084f1e7f7\core.a(USBCore.cpp.o)
                0x00002f9c                DoubleBufferedEPOutHandler::init()
 .text._ZL5utox8mPc
                0x00002f9e       0x26 C:\Users\mark\Desktop\Synnefa IoT\synnefa firmware\farmshield\build_output/..\..\..\..\..\AppData\Local\Temp\arduino\cores\456a8d0bf14d3aa01ebb57b084f1e7f7\core.a(USBCore.cpp.o)
 .text._ZN26DoubleBufferedEPOutHandlerD2Ev
                0x00002fc4       0x14 C:\Users\mark\Desktop\Synnefa IoT\synnefa firmware\farmshield\build_output/..\..\..\..\..\AppData\Local\Temp\arduino\cores\456a8d0bf14d3aa01ebb57b084f1e7f7\core.a(USBCore.cpp.o)
                0x00002fc4                DoubleBufferedEPOutHandler::~DoubleBufferedEPOutHandler()
                0x00002fc4                DoubleBufferedEPOutHandler::~DoubleBufferedEPOutHandler()
 .text._ZN26DoubleBufferedEPOutHandlerD0Ev
                0x00002fd8       0x12 C:\Users\mark\Desktop\Synnefa IoT\synnefa firmware\farmshield\build_output/..\..\..\..\..\AppData\Local\Temp\arduino\cores\456a8d0bf14d3aa01ebb57b084f1e7f7\core.a(USBCore.cpp.o)
                0x00002fd8                DoubleBufferedEPOutHandler::~DoubleBufferedEPOutHandler()
 *fill*         0x00002fea        0x2 
 .text._ZN14USBDeviceClass6initEPEmm.part.0
                0x00002fec       0xe8 C:\Users\mark\Desktop\Synnefa IoT\synnefa firmware\farmshield\build_output/..\..\..\..\..\AppData\Local\Temp\arduino\cores\456a8d0bf14d3aa01ebb57b084f1e7f7\core.a(USBCore.cpp.o)
 .text._ZN7__GuardC2Ev
                0x000030d4        0xe C:\Users\mark\Desktop\Synnefa IoT\synnefa firmware\farmshield\build_output/..\..\..\..\..\AppData\Local\Temp\arduino\cores\456a8d0bf14d3aa01ebb57b084f1e7f7\core.a(USBCore.cpp.o)
                0x000030d4                __Guard::__Guard()
                0x000030d4                __Guard::__Guard()
 .text._ZN7__GuardD2Ev
                0x000030e2        0xe C:\Users\mark\Desktop\Synnefa IoT\synnefa firmware\farmshield\build_output/..\..\..\..\..\AppData\Local\Temp\arduino\cores\456a8d0bf14d3aa01ebb57b084f1e7f7\core.a(USBCore.cpp.o)
                0x000030e2                __Guard::~__Guard()
                0x000030e2                __Guard::~__Guard()
 .text._ZNK26DoubleBufferedEPOutHandler9availableEv
                0x000030f0       0x5e C:\Users\mark\Desktop\Synnefa IoT\synnefa firmware\farmshield\build_output/..\..\..\..\..\AppData\Local\Temp\arduino\cores\456a8d0bf14d3aa01ebb57b084f1e7f7\core.a(USBCore.cpp.o)
                0x000030f0                DoubleBufferedEPOutHandler::available() const
 *fill*         0x0000314e        0x2 
 .text._ZN26DoubleBufferedEPOutHandler7releaseEv
                0x00003150       0x54 C:\Users\mark\Desktop\Synnefa IoT\synnefa firmware\farmshield\build_output/..\..\..\..\..\AppData\Local\Temp\arduino\cores\456a8d0bf14d3aa01ebb57b084f1e7f7\core.a(USBCore.cpp.o)
                0x00003150                DoubleBufferedEPOutHandler::release()
 .text._ZN26DoubleBufferedEPOutHandler4recvEPvm
                0x000031a4      0x11a C:\Users\mark\Desktop\Synnefa IoT\synnefa firmware\farmshield\build_output/..\..\..\..\..\AppData\Local\Temp\arduino\cores\456a8d0bf14d3aa01ebb57b084f1e7f7\core.a(USBCore.cpp.o)
                0x000031a4                DoubleBufferedEPOutHandler::recv(void*, unsigned long)
 .text._ZN26DoubleBufferedEPOutHandler14handleEndpointEv
                0x000032be       0xc2 C:\Users\mark\Desktop\Synnefa IoT\synnefa firmware\farmshield\build_output/..\..\..\..\..\AppData\Local\Temp\arduino\cores\456a8d0bf14d3aa01ebb57b084f1e7f7\core.a(USBCore.cpp.o)
                0x000032be                DoubleBufferedEPOutHandler::handleEndpoint()
 .text._ZN14USBDeviceClass14SendInterfacesEPm
                0x00003380       0x2e C:\Users\mark\Desktop\Synnefa IoT\synnefa firmware\farmshield\build_output/..\..\..\..\..\AppData\Local\Temp\arduino\cores\456a8d0bf14d3aa01ebb57b084f1e7f7\core.a(USBCore.cpp.o)
                0x00003380                USBDeviceClass::SendInterfaces(unsigned long*)
 *fill*         0x000033ae        0x2 
 .text._ZN14USBDeviceClass14handleEndpointEh
                0x000033b0       0x44 C:\Users\mark\Desktop\Synnefa IoT\synnefa firmware\farmshield\build_output/..\..\..\..\..\AppData\Local\Temp\arduino\cores\456a8d0bf14d3aa01ebb57b084f1e7f7\core.a(USBCore.cpp.o)
                0x000033b0                USBDeviceClass::handleEndpoint(unsigned char)
 .text._ZN14USBDeviceClass4initEv
                0x000033f4       0xf0 C:\Users\mark\Desktop\Synnefa IoT\synnefa firmware\farmshield\build_output/..\..\..\..\..\AppData\Local\Temp\arduino\cores\456a8d0bf14d3aa01ebb57b084f1e7f7\core.a(USBCore.cpp.o)
                0x000033f4                USBDeviceClass::init()
 .text._ZN14USBDeviceClass6attachEv
                0x000034e4       0x34 C:\Users\mark\Desktop\Synnefa IoT\synnefa firmware\farmshield\build_output/..\..\..\..\..\AppData\Local\Temp\arduino\cores\456a8d0bf14d3aa01ebb57b084f1e7f7\core.a(USBCore.cpp.o)
                0x000034e4                USBDeviceClass::attach()
 .text._ZN14USBDeviceClass10setAddressEm
                0x00003518       0x44 C:\Users\mark\Desktop\Synnefa IoT\synnefa firmware\farmshield\build_output/..\..\..\..\..\AppData\Local\Temp\arduino\cores\456a8d0bf14d3aa01ebb57b084f1e7f7\core.a(USBCore.cpp.o)
                0x00003518                USBDeviceClass::setAddress(unsigned long)
 .text._ZN14USBDeviceClass25handleClassInterfaceSetupER8USBSetup
                0x0000355c       0x44 C:\Users\mark\Desktop\Synnefa IoT\synnefa firmware\farmshield\build_output/..\..\..\..\..\AppData\Local\Temp\arduino\cores\456a8d0bf14d3aa01ebb57b084f1e7f7\core.a(USBCore.cpp.o)
                0x0000355c                USBDeviceClass::handleClassInterfaceSetup(USBSetup&)
 .text._ZN14USBDeviceClass6initEPEmm
                0x000035a0       0xec C:\Users\mark\Desktop\Synnefa IoT\synnefa firmware\farmshield\build_output/..\..\..\..\..\AppData\Local\Temp\arduino\cores\456a8d0bf14d3aa01ebb57b084f1e7f7\core.a(USBCore.cpp.o)
                0x000035a0                USBDeviceClass::initEP(unsigned long, unsigned long)
 .text._ZN14USBDeviceClass13initEndpointsEv
                0x0000368c       0x24 C:\Users\mark\Desktop\Synnefa IoT\synnefa firmware\farmshield\build_output/..\..\..\..\..\AppData\Local\Temp\arduino\cores\456a8d0bf14d3aa01ebb57b084f1e7f7\core.a(USBCore.cpp.o)
                0x0000368c                USBDeviceClass::initEndpoints()
 .text._ZN14USBDeviceClass9availableEm
                0x000036b0       0x2c C:\Users\mark\Desktop\Synnefa IoT\synnefa firmware\farmshield\build_output/..\..\..\..\..\AppData\Local\Temp\arduino\cores\456a8d0bf14d3aa01ebb57b084f1e7f7\core.a(USBCore.cpp.o)
                0x000036b0                USBDeviceClass::available(unsigned long)
 .text._ZN14USBDeviceClass5flushEm
                0x000036dc       0x2c C:\Users\mark\Desktop\Synnefa IoT\synnefa firmware\farmshield\build_output/..\..\..\..\..\AppData\Local\Temp\arduino\cores\456a8d0bf14d3aa01ebb57b084f1e7f7\core.a(USBCore.cpp.o)
                0x000036dc                USBDeviceClass::flush(unsigned long)
 .text._ZN14USBDeviceClass14armRecvCtrlOUTEm
                0x00003708       0x5c C:\Users\mark\Desktop\Synnefa IoT\synnefa firmware\farmshield\build_output/..\..\..\..\..\AppData\Local\Temp\arduino\cores\456a8d0bf14d3aa01ebb57b084f1e7f7\core.a(USBCore.cpp.o)
                0x00003708                USBDeviceClass::armRecvCtrlOUT(unsigned long)
 .text._ZN14USBDeviceClass11recvControlEPvm
                0x00003764       0x3c C:\Users\mark\Desktop\Synnefa IoT\synnefa firmware\farmshield\build_output/..\..\..\..\..\AppData\Local\Temp\arduino\cores\456a8d0bf14d3aa01ebb57b084f1e7f7\core.a(USBCore.cpp.o)
                0x00003764                USBDeviceClass::recvControl(void*, unsigned long)
 .text._ZN14USBDeviceClass7armRecvEm
                0x000037a0       0x38 C:\Users\mark\Desktop\Synnefa IoT\synnefa firmware\farmshield\build_output/..\..\..\..\..\AppData\Local\Temp\arduino\cores\456a8d0bf14d3aa01ebb57b084f1e7f7\core.a(USBCore.cpp.o)
                0x000037a0                USBDeviceClass::armRecv(unsigned long)
 .text._ZN14USBDeviceClass4recvEmPvm
                0x000037d8       0xd8 C:\Users\mark\Desktop\Synnefa IoT\synnefa firmware\farmshield\build_output/..\..\..\..\..\AppData\Local\Temp\arduino\cores\456a8d0bf14d3aa01ebb57b084f1e7f7\core.a(USBCore.cpp.o)
                0x000037d8                USBDeviceClass::recv(unsigned long, void*, unsigned long)
 .text._ZN14USBDeviceClass4recvEm
                0x000038b0       0x1c C:\Users\mark\Desktop\Synnefa IoT\synnefa firmware\farmshield\build_output/..\..\..\..\..\AppData\Local\Temp\arduino\cores\456a8d0bf14d3aa01ebb57b084f1e7f7\core.a(USBCore.cpp.o)
                0x000038b0                USBDeviceClass::recv(unsigned long)
 .text._ZN14USBDeviceClass4sendEmPKvm
                0x000038cc      0x110 C:\Users\mark\Desktop\Synnefa IoT\synnefa firmware\farmshield\build_output/..\..\..\..\..\AppData\Local\Temp\arduino\cores\456a8d0bf14d3aa01ebb57b084f1e7f7\core.a(USBCore.cpp.o)
                0x000038cc                USBDeviceClass::send(unsigned long, void const*, unsigned long)
 .text._ZN14USBDeviceClass7armSendEmPKvm
                0x000039dc       0x48 C:\Users\mark\Desktop\Synnefa IoT\synnefa firmware\farmshield\build_output/..\..\..\..\..\AppData\Local\Temp\arduino\cores\456a8d0bf14d3aa01ebb57b084f1e7f7\core.a(USBCore.cpp.o)
                0x000039dc                USBDeviceClass::armSend(unsigned long, void const*, unsigned long)
 .text._ZN14USBDeviceClass11sendControlEPKvm
                0x00003a24       0x54 C:\Users\mark\Desktop\Synnefa IoT\synnefa firmware\farmshield\build_output/..\..\..\..\..\AppData\Local\Temp\arduino\cores\456a8d0bf14d3aa01ebb57b084f1e7f7\core.a(USBCore.cpp.o)
                0x00003a24                USBDeviceClass::sendControl(void const*, unsigned long)
 .text._ZN14USBDeviceClass20sendStringDescriptorEPKhm
                0x00003a78       0x64 C:\Users\mark\Desktop\Synnefa IoT\synnefa firmware\farmshield\build_output/..\..\..\..\..\AppData\Local\Temp\arduino\cores\456a8d0bf14d3aa01ebb57b084f1e7f7\core.a(USBCore.cpp.o)
                0x00003a78                USBDeviceClass::sendStringDescriptor(unsigned char const*, unsigned long)
 .text._ZN14USBDeviceClass17sendConfigurationEm
                0x00003adc       0x80 C:\Users\mark\Desktop\Synnefa IoT\synnefa firmware\farmshield\build_output/..\..\..\..\..\AppData\Local\Temp\arduino\cores\456a8d0bf14d3aa01ebb57b084f1e7f7\core.a(USBCore.cpp.o)
                0x00003adc                USBDeviceClass::sendConfiguration(unsigned long)
 .text._ZN14USBDeviceClass14sendDescriptorER8USBSetup
                0x00003b5c       0xe4 C:\Users\mark\Desktop\Synnefa IoT\synnefa firmware\farmshield\build_output/..\..\..\..\..\AppData\Local\Temp\arduino\cores\456a8d0bf14d3aa01ebb57b084f1e7f7\core.a(USBCore.cpp.o)
                0x00003b5c                USBDeviceClass::sendDescriptor(USBSetup&)
 .text._ZN14USBDeviceClass19handleStandardSetupER8USBSetup
                0x00003c40      0x118 C:\Users\mark\Desktop\Synnefa IoT\synnefa firmware\farmshield\build_output/..\..\..\..\..\AppData\Local\Temp\arduino\cores\456a8d0bf14d3aa01ebb57b084f1e7f7\core.a(USBCore.cpp.o)
                0x00003c40                USBDeviceClass::handleStandardSetup(USBSetup&)
 .text._ZN14USBDeviceClass10ISRHandlerEv
                0x00003d58      0x150 C:\Users\mark\Desktop\Synnefa IoT\synnefa firmware\farmshield\build_output/..\..\..\..\..\AppData\Local\Temp\arduino\cores\456a8d0bf14d3aa01ebb57b084f1e7f7\core.a(USBCore.cpp.o)
                0x00003d58                USBDeviceClass::ISRHandler()
 .text.UDD_Handler
                0x00003ea8       0x10 C:\Users\mark\Desktop\Synnefa IoT\synnefa firmware\farmshield\build_output/..\..\..\..\..\AppData\Local\Temp\arduino\cores\456a8d0bf14d3aa01ebb57b084f1e7f7\core.a(USBCore.cpp.o)
                0x00003ea8                UDD_Handler
 .text.startup._GLOBAL__sub_I_usbd
                0x00003eb8       0x10 C:\Users\mark\Desktop\Synnefa IoT\synnefa firmware\farmshield\build_output/..\..\..\..\..\AppData\Local\Temp\arduino\cores\456a8d0bf14d3aa01ebb57b084f1e7f7\core.a(USBCore.cpp.o)
 .text._ZN4UartcvbEv
                0x00003ec8        0x4 C:\Users\mark\Desktop\Synnefa IoT\synnefa firmware\farmshield\build_output/..\..\..\..\..\AppData\Local\Temp\arduino\cores\456a8d0bf14d3aa01ebb57b084f1e7f7\core.a(Uart.cpp.o)
                0x00003ec8                Uart::operator bool()
 .text._ZN4Uart5beginEm
                0x00003ecc       0x10 C:\Users\mark\Desktop\Synnefa IoT\synnefa firmware\farmshield\build_output/..\..\..\..\..\AppData\Local\Temp\arduino\cores\456a8d0bf14d3aa01ebb57b084f1e7f7\core.a(Uart.cpp.o)
                0x00003ecc                Uart::begin(unsigned long)
 .text._ZN4Uart4peekEv
                0x00003edc       0x1a C:\Users\mark\Desktop\Synnefa IoT\synnefa firmware\farmshield\build_output/..\..\..\..\..\AppData\Local\Temp\arduino\cores\456a8d0bf14d3aa01ebb57b084f1e7f7\core.a(Uart.cpp.o)
                0x00003edc                Uart::peek()
 .text._ZN4Uart3endEv
                0x00003ef6       0x20 C:\Users\mark\Desktop\Synnefa IoT\synnefa firmware\farmshield\build_output/..\..\..\..\..\AppData\Local\Temp\arduino\cores\456a8d0bf14d3aa01ebb57b084f1e7f7\core.a(Uart.cpp.o)
                0x00003ef6                Uart::end()
 .text._ZN4Uart15extractCharSizeEt
                0x00003f16       0x28 C:\Users\mark\Desktop\Synnefa IoT\synnefa firmware\farmshield\build_output/..\..\..\..\..\AppData\Local\Temp\arduino\cores\456a8d0bf14d3aa01ebb57b084f1e7f7\core.a(Uart.cpp.o)
                0x00003f16                Uart::extractCharSize(unsigned short)
 .text._ZN4Uart13extractParityEt
                0x00003f3e       0x14 C:\Users\mark\Desktop\Synnefa IoT\synnefa firmware\farmshield\build_output/..\..\..\..\..\AppData\Local\Temp\arduino\cores\456a8d0bf14d3aa01ebb57b084f1e7f7\core.a(Uart.cpp.o)
                0x00003f3e                Uart::extractParity(unsigned short)
 *fill*         0x00003f52        0x2 
 .text._ZN4Uart5beginEmt
                0x00003f54       0xf8 C:\Users\mark\Desktop\Synnefa IoT\synnefa firmware\farmshield\build_output/..\..\..\..\..\AppData\Local\Temp\arduino\cores\456a8d0bf14d3aa01ebb57b084f1e7f7\core.a(Uart.cpp.o)
                0x00003f54                Uart::begin(unsigned long, unsigned short)
 .text._ZN11RingBufferNILi350EEC2Ev
                0x0000404c       0x1c C:\Users\mark\Desktop\Synnefa IoT\synnefa firmware\farmshield\build_output/..\..\..\..\..\AppData\Local\Temp\arduino\cores\456a8d0bf14d3aa01ebb57b084f1e7f7\core.a(Uart.cpp.o)
                0x0000404c                RingBufferN<350>::RingBufferN()
                0x0000404c                RingBufferN<350>::RingBufferN()
 .text._ZN4UartC2EP6SERCOMhh11SercomRXPad15SercomUartTXPad
                0x00004068       0x70 C:\Users\mark\Desktop\Synnefa IoT\synnefa firmware\farmshield\build_output/..\..\..\..\..\AppData\Local\Temp\arduino\cores\456a8d0bf14d3aa01ebb57b084f1e7f7\core.a(Uart.cpp.o)
                0x00004068                Uart::Uart(SERCOM*, unsigned char, unsigned char, SercomRXPad, SercomUartTXPad)
                0x00004068                Uart::Uart(SERCOM*, unsigned char, unsigned char, SercomRXPad, SercomUartTXPad)
 .text._ZN11RingBufferNILi350EE9availableEv
                0x000040d8       0x12 C:\Users\mark\Desktop\Synnefa IoT\synnefa firmware\farmshield\build_output/..\..\..\..\..\AppData\Local\Temp\arduino\cores\456a8d0bf14d3aa01ebb57b084f1e7f7\core.a(Uart.cpp.o)
                0x000040d8                RingBufferN<350>::available()
 .text._ZN4Uart5flushEv
                0x000040ea       0x1a C:\Users\mark\Desktop\Synnefa IoT\synnefa firmware\farmshield\build_output/..\..\..\..\..\AppData\Local\Temp\arduino\cores\456a8d0bf14d3aa01ebb57b084f1e7f7\core.a(Uart.cpp.o)
                0x000040ea                Uart::flush()
 .text._ZN4Uart9availableEv
                0x00004104        0xa C:\Users\mark\Desktop\Synnefa IoT\synnefa firmware\farmshield\build_output/..\..\..\..\..\AppData\Local\Temp\arduino\cores\456a8d0bf14d3aa01ebb57b084f1e7f7\core.a(Uart.cpp.o)
                0x00004104                Uart::available()
 .text._ZN11RingBufferNILi350EE17availableForStoreEv
                0x0000410e       0x22 C:\Users\mark\Desktop\Synnefa IoT\synnefa firmware\farmshield\build_output/..\..\..\..\..\AppData\Local\Temp\arduino\cores\456a8d0bf14d3aa01ebb57b084f1e7f7\core.a(Uart.cpp.o)
                0x0000410e                RingBufferN<350>::availableForStore()
 .text._ZN4Uart17availableForWriteEv
                0x00004130        0xc C:\Users\mark\Desktop\Synnefa IoT\synnefa firmware\farmshield\build_output/..\..\..\..\..\AppData\Local\Temp\arduino\cores\456a8d0bf14d3aa01ebb57b084f1e7f7\core.a(Uart.cpp.o)
                0x00004130                Uart::availableForWrite()
 .text._ZN4Uart10IrqHandlerEv
                0x0000413c       0xda C:\Users\mark\Desktop\Synnefa IoT\synnefa firmware\farmshield\build_output/..\..\..\..\..\AppData\Local\Temp\arduino\cores\456a8d0bf14d3aa01ebb57b084f1e7f7\core.a(Uart.cpp.o)
                0x0000413c                Uart::IrqHandler()
 *fill*         0x00004216        0x2 
 .text._ZN4Uart5writeEh
                0x00004218       0xc4 C:\Users\mark\Desktop\Synnefa IoT\synnefa firmware\farmshield\build_output/..\..\..\..\..\AppData\Local\Temp\arduino\cores\456a8d0bf14d3aa01ebb57b084f1e7f7\core.a(Uart.cpp.o)
                0x00004218                Uart::write(unsigned char)
 .text._ZN4Uart4readEv
                0x000042dc       0x52 C:\Users\mark\Desktop\Synnefa IoT\synnefa firmware\farmshield\build_output/..\..\..\..\..\AppData\Local\Temp\arduino\cores\456a8d0bf14d3aa01ebb57b084f1e7f7\core.a(Uart.cpp.o)
                0x000042dc                Uart::read()
 .text.Dummy_Handler
                0x0000432e        0x2 C:\Users\mark\Desktop\Synnefa IoT\synnefa firmware\farmshield\build_output/..\..\..\..\..\AppData\Local\Temp\arduino\cores\456a8d0bf14d3aa01ebb57b084f1e7f7\core.a(cortex_handlers.c.o)
                0x0000432e                DMAC_Handler
                0x0000432e                HardFault_Handler
                0x0000432e                AC_Handler
                0x0000432e                PendSV_Handler
                0x0000432e                NMI_Handler
                0x0000432e                TC7_Handler
                0x0000432e                SERCOM1_Handler
                0x0000432e                ADC_Handler
                0x0000432e                TCC1_Handler
                0x0000432e                SERCOM2_Handler
                0x0000432e                TCC0_Handler
                0x0000432e                RTC_Handler
                0x0000432e                EIC_Handler
                0x0000432e                TC6_Handler
                0x0000432e                WDT_Handler
                0x0000432e                TC4_Handler
                0x0000432e                TC3_Handler
                0x0000432e                Dummy_Handler
                0x0000432e                PM_Handler
                0x0000432e                SERCOM5_Handler
                0x0000432e                SVC_Handler
                0x0000432e                TCC2_Handler
                0x0000432e                EVSYS_Handler
                0x0000432e                SERCOM3_Handler
                0x0000432e                SERCOM4_Handler
                0x0000432e                I2S_Handler
                0x0000432e                NVMCTRL_Handler
                0x0000432e                DAC_Handler
                0x0000432e                PTC_Handler
                0x0000432e                SYSCTRL_Handler
 .text.USB_Handler
                0x00004330       0x14 C:\Users\mark\Desktop\Synnefa IoT\synnefa firmware\farmshield\build_output/..\..\..\..\..\AppData\Local\Temp\arduino\cores\456a8d0bf14d3aa01ebb57b084f1e7f7\core.a(cortex_handlers.c.o)
                0x00004330                USB_Handler
 .text.Reset_Handler
                0x00004344       0x54 C:\Users\mark\Desktop\Synnefa IoT\synnefa firmware\farmshield\build_output/..\..\..\..\..\AppData\Local\Temp\arduino\cores\456a8d0bf14d3aa01ebb57b084f1e7f7\core.a(cortex_handlers.c.o)
                0x00004344                Reset_Handler
 .text.SysTick_Handler
                0x00004398       0x10 C:\Users\mark\Desktop\Synnefa IoT\synnefa firmware\farmshield\build_output/..\..\..\..\..\AppData\Local\Temp\arduino\cores\456a8d0bf14d3aa01ebb57b084f1e7f7\core.a(cortex_handlers.c.o)
                0x00004398                SysTick_Handler
 .text.USB_SetHandler
                0x000043a8        0xc C:\Users\mark\Desktop\Synnefa IoT\synnefa firmware\farmshield\build_output/..\..\..\..\..\AppData\Local\Temp\arduino\cores\456a8d0bf14d3aa01ebb57b084f1e7f7\core.a(cortex_handlers.c.o)
                0x000043a8                USB_SetHandler
 .text.millis   0x000043b4        0xc C:\Users\mark\Desktop\Synnefa IoT\synnefa firmware\farmshield\build_output/..\..\..\..\..\AppData\Local\Temp\arduino\cores\456a8d0bf14d3aa01ebb57b084f1e7f7\core.a(delay.c.o)
                0x000043b4                millis
 .text.micros   0x000043c0       0x60 C:\Users\mark\Desktop\Synnefa IoT\synnefa firmware\farmshield\build_output/..\..\..\..\..\AppData\Local\Temp\arduino\cores\456a8d0bf14d3aa01ebb57b084f1e7f7\core.a(delay.c.o)
                0x000043c0                micros
 .text.delay    0x00004420       0x2c C:\Users\mark\Desktop\Synnefa IoT\synnefa firmware\farmshield\build_output/..\..\..\..\..\AppData\Local\Temp\arduino\cores\456a8d0bf14d3aa01ebb57b084f1e7f7\core.a(delay.c.o)
                0x00004420                delay
 .text.SysTick_DefaultHandler
                0x0000444c       0x14 C:\Users\mark\Desktop\Synnefa IoT\synnefa firmware\farmshield\build_output/..\..\..\..\..\AppData\Local\Temp\arduino\cores\456a8d0bf14d3aa01ebb57b084f1e7f7\core.a(delay.c.o)
                0x0000444c                SysTick_DefaultHandler
 .text.__empty  0x00004460        0x2 C:\Users\mark\Desktop\Synnefa IoT\synnefa firmware\farmshield\build_output/..\..\..\..\..\AppData\Local\Temp\arduino\cores\456a8d0bf14d3aa01ebb57b084f1e7f7\core.a(hooks.c.o)
                0x00004460                yield
 .text.__false  0x00004462        0x4 C:\Users\mark\Desktop\Synnefa IoT\synnefa firmware\farmshield\build_output/..\..\..\..\..\AppData\Local\Temp\arduino\cores\456a8d0bf14d3aa01ebb57b084f1e7f7\core.a(hooks.c.o)
                0x00004462                sysTickHook
 .text._Z11initVariantv
                0x00004466        0x2 C:\Users\mark\Desktop\Synnefa IoT\synnefa firmware\farmshield\build_output/..\..\..\..\..\AppData\Local\Temp\arduino\cores\456a8d0bf14d3aa01ebb57b084f1e7f7\core.a(main.cpp.o)
                0x00004466                initVariant()
 .text.startup.main
                0x00004468       0x44 C:\Users\mark\Desktop\Synnefa IoT\synnefa firmware\farmshield\build_output/..\..\..\..\..\AppData\Local\Temp\arduino\cores\456a8d0bf14d3aa01ebb57b084f1e7f7\core.a(main.cpp.o)
                0x00004468                main
 .text._Znwj    0x000044ac        0x8 C:\Users\mark\Desktop\Synnefa IoT\synnefa firmware\farmshield\build_output/..\..\..\..\..\AppData\Local\Temp\arduino\cores\456a8d0bf14d3aa01ebb57b084f1e7f7\core.a(new.cpp.o)
                0x000044ac                operator new(unsigned int)
 .text._ZdlPv   0x000044b4        0x8 C:\Users\mark\Desktop\Synnefa IoT\synnefa firmware\farmshield\build_output/..\..\..\..\..\AppData\Local\Temp\arduino\cores\456a8d0bf14d3aa01ebb57b084f1e7f7\core.a(new.cpp.o)
                0x000044b4                operator delete(void*)
 .text.SystemInit
                0x000044bc      0x160 C:\Users\mark\Desktop\Synnefa IoT\synnefa firmware\farmshield\build_output/..\..\..\..\..\AppData\Local\Temp\arduino\cores\456a8d0bf14d3aa01ebb57b084f1e7f7\core.a(startup.c.o)
                0x000044bc                SystemInit
 .text.init     0x0000461c       0xe0 C:\Users\mark\Desktop\Synnefa IoT\synnefa firmware\farmshield\build_output/..\..\..\..\..\AppData\Local\Temp\arduino\cores\456a8d0bf14d3aa01ebb57b084f1e7f7\core.a(wiring.c.o)
                0x0000461c                init
 .text.analogReference
                0x000046fc       0x88 C:\Users\mark\Desktop\Synnefa IoT\synnefa firmware\farmshield\build_output/..\..\..\..\..\AppData\Local\Temp\arduino\cores\456a8d0bf14d3aa01ebb57b084f1e7f7\core.a(wiring_analog.c.o)
                0x000046fc                analogReference
 .text.pinMode  0x00004784       0x60 C:\Users\mark\Desktop\Synnefa IoT\synnefa firmware\farmshield\build_output/..\..\..\..\..\AppData\Local\Temp\arduino\cores\456a8d0bf14d3aa01ebb57b084f1e7f7\core.a(wiring_digital.c.o)
                0x00004784                pinMode
 .text.digitalWrite
                0x000047e4       0x58 C:\Users\mark\Desktop\Synnefa IoT\synnefa firmware\farmshield\build_output/..\..\..\..\..\AppData\Local\Temp\arduino\cores\456a8d0bf14d3aa01ebb57b084f1e7f7\core.a(wiring_digital.c.o)
                0x000047e4                digitalWrite
 .text.digitalRead
                0x0000483c       0x30 C:\Users\mark\Desktop\Synnefa IoT\synnefa firmware\farmshield\build_output/..\..\..\..\..\AppData\Local\Temp\arduino\cores\456a8d0bf14d3aa01ebb57b084f1e7f7\core.a(wiring_digital.c.o)
                0x0000483c                digitalRead
 .text.pinPeripheral
                0x0000486c       0xbc C:\Users\mark\Desktop\Synnefa IoT\synnefa firmware\farmshield\build_output/..\..\..\..\..\AppData\Local\Temp\arduino\cores\456a8d0bf14d3aa01ebb57b084f1e7f7\core.a(wiring_private.c.o)
                0x0000486c                pinPeripheral
 .text.initiateReset
                0x00004928        0xc C:\Users\mark\Desktop\Synnefa IoT\synnefa firmware\farmshield\build_output/..\..\..\..\..\AppData\Local\Temp\arduino\cores\456a8d0bf14d3aa01ebb57b084f1e7f7\core.a(Reset.cpp.o)
                0x00004928                initiateReset
 .text.cancelReset
                0x00004934       0x10 C:\Users\mark\Desktop\Synnefa IoT\synnefa firmware\farmshield\build_output/..\..\..\..\..\AppData\Local\Temp\arduino\cores\456a8d0bf14d3aa01ebb57b084f1e7f7\core.a(Reset.cpp.o)
                0x00004934                cancelReset
 .text.tickReset
                0x00004944       0x74 C:\Users\mark\Desktop\Synnefa IoT\synnefa firmware\farmshield\build_output/..\..\..\..\..\AppData\Local\Temp\arduino\cores\456a8d0bf14d3aa01ebb57b084f1e7f7\core.a(Reset.cpp.o)
                0x00004944                tickReset
 .text._ZN13PluggableUSB_12getInterfaceEPh
                0x000049b8       0x28 C:\Users\mark\Desktop\Synnefa IoT\synnefa firmware\farmshield\build_output/..\..\..\..\..\AppData\Local\Temp\arduino\cores\456a8d0bf14d3aa01ebb57b084f1e7f7\core.a(PluggableUSB.cpp.o)
                0x000049b8                PluggableUSB_::getInterface(unsigned char*)
 .text._ZN13PluggableUSB_13getDescriptorER8USBSetup
                0x000049e0       0x20 C:\Users\mark\Desktop\Synnefa IoT\synnefa firmware\farmshield\build_output/..\..\..\..\..\AppData\Local\Temp\arduino\cores\456a8d0bf14d3aa01ebb57b084f1e7f7\core.a(PluggableUSB.cpp.o)
                0x000049e0                PluggableUSB_::getDescriptor(USBSetup&)
 .text._ZN13PluggableUSB_5setupER8USBSetup
                0x00004a00       0x20 C:\Users\mark\Desktop\Synnefa IoT\synnefa firmware\farmshield\build_output/..\..\..\..\..\AppData\Local\Temp\arduino\cores\456a8d0bf14d3aa01ebb57b084f1e7f7\core.a(PluggableUSB.cpp.o)
                0x00004a00                PluggableUSB_::setup(USBSetup&)
 .text._Z12PluggableUSBv
                0x00004a20       0x28 C:\Users\mark\Desktop\Synnefa IoT\synnefa firmware\farmshield\build_output/..\..\..\..\..\AppData\Local\Temp\arduino\cores\456a8d0bf14d3aa01ebb57b084f1e7f7\core.a(PluggableUSB.cpp.o)
                0x00004a20                PluggableUSB()
 .text._ZN20USBDevice_SAMD21G18x5resetEv
                0x00004a48       0x2a C:\Users\mark\Desktop\Synnefa IoT\synnefa firmware\farmshield\build_output/..\..\..\..\..\AppData\Local\Temp\arduino\cores\456a8d0bf14d3aa01ebb57b084f1e7f7\core.a(SAMD21_USBDevice.cpp.o)
                0x00004a48                USBDevice_SAMD21G18x::reset()
 *fill*         0x00004a72        0x2 
 .text._ZN20USBDevice_SAMD21G18x9calibrateEv
                0x00004a74       0x60 C:\Users\mark\Desktop\Synnefa IoT\synnefa firmware\farmshield\build_output/..\..\..\..\..\AppData\Local\Temp\arduino\cores\456a8d0bf14d3aa01ebb57b084f1e7f7\core.a(SAMD21_USBDevice.cpp.o)
                0x00004a74                USBDevice_SAMD21G18x::calibrate()
 .text          0x00004ad4       0x14 c:/users/mark/appdata/local/arduino15/packages/adafruit/tools/arm-none-eabi-gcc/9-2019q4/bin/../lib/gcc/arm-none-eabi/9.2.1/thumb/v6-m/nofp\libgcc.a(_thumb1_case_uqi.o)
                0x00004ad4                __gnu_thumb1_case_uqi
 .text          0x00004ae8      0x114 c:/users/mark/appdata/local/arduino15/packages/adafruit/tools/arm-none-eabi-gcc/9-2019q4/bin/../lib/gcc/arm-none-eabi/9.2.1/thumb/v6-m/nofp\libgcc.a(_udivsi3.o)
                0x00004ae8                __aeabi_uidiv
                0x00004ae8                __udivsi3
                0x00004bf4                __aeabi_uidivmod
 .text          0x00004bfc      0x1d4 c:/users/mark/appdata/local/arduino15/packages/adafruit/tools/arm-none-eabi-gcc/9-2019q4/bin/../lib/gcc/arm-none-eabi/9.2.1/thumb/v6-m/nofp\libgcc.a(_divsi3.o)
                0x00004bfc                __divsi3
                0x00004bfc                __aeabi_idiv
                0x00004dc8                __aeabi_idivmod
 .text          0x00004dd0        0x4 c:/users/mark/appdata/local/arduino15/packages/adafruit/tools/arm-none-eabi-gcc/9-2019q4/bin/../lib/gcc/arm-none-eabi/9.2.1/thumb/v6-m/nofp\libgcc.a(_dvmd_tls.o)
                0x00004dd0                __aeabi_idiv0
                0x00004dd0                __aeabi_ldiv0
 .text          0x00004dd4       0x7c c:/users/mark/appdata/local/arduino15/packages/adafruit/tools/arm-none-eabi-gcc/9-2019q4/bin/../lib/gcc/arm-none-eabi/9.2.1/thumb/v6-m/nofp\libgcc.a(_arm_cmpdf2.o)
                0x00004dd4                __aeabi_cdrcmple
                0x00004de4                __aeabi_cdcmple
                0x00004de4                __aeabi_cdcmpeq
                0x00004df4                __aeabi_dcmpeq
                0x00004e00                __aeabi_dcmplt
                0x00004e14                __aeabi_dcmple
                0x00004e28                __aeabi_dcmpgt
                0x00004e3c                __aeabi_dcmpge
 .text          0x00004e50       0x74 c:/users/mark/appdata/local/arduino15/packages/adafruit/tools/arm-none-eabi-gcc/9-2019q4/bin/../lib/gcc/arm-none-eabi/9.2.1/thumb/v6-m/nofp\libgcc.a(_arm_cmpsf2.o)
                0x00004e50                __aeabi_cfrcmple
                0x00004e58                __aeabi_cfcmpeq
                0x00004e58                __aeabi_cfcmple
                0x00004e68                __aeabi_fcmpeq
                0x00004e74                __aeabi_fcmplt
                0x00004e88                __aeabi_fcmple
                0x00004e9c                __aeabi_fcmpgt
                0x00004eb0                __aeabi_fcmpge
 .text          0x00004ec4       0x3c c:/users/mark/appdata/local/arduino15/packages/adafruit/tools/arm-none-eabi-gcc/9-2019q4/bin/../lib/gcc/arm-none-eabi/9.2.1/thumb/v6-m/nofp\libgcc.a(_fixunsdfsi.o)
                0x00004ec4                __aeabi_d2uiz
                0x00004ec4                __fixunsdfsi
 .text          0x00004f00       0x50 c:/users/mark/appdata/local/arduino15/packages/adafruit/tools/arm-none-eabi-gcc/9-2019q4/bin/../lib/gcc/arm-none-eabi/9.2.1/thumb/v6-m/nofp\libgcc.a(eqsf2.o)
                0x00004f00                __eqsf2
                0x00004f00                __nesf2
 .text          0x00004f50       0x98 c:/users/mark/appdata/local/arduino15/packages/adafruit/tools/arm-none-eabi-gcc/9-2019q4/bin/../lib/gcc/arm-none-eabi/9.2.1/thumb/v6-m/nofp\libgcc.a(gesf2.o)
                0x00004f50                __gesf2
                0x00004f50                __gtsf2
 .text          0x00004fe8       0x94 c:/users/mark/appdata/local/arduino15/packages/adafruit/tools/arm-none-eabi-gcc/9-2019q4/bin/../lib/gcc/arm-none-eabi/9.2.1/thumb/v6-m/nofp\libgcc.a(lesf2.o)
                0x00004fe8                __ltsf2
                0x00004fe8                __lesf2
 .text          0x0000507c      0x234 c:/users/mark/appdata/local/arduino15/packages/adafruit/tools/arm-none-eabi-gcc/9-2019q4/bin/../lib/gcc/arm-none-eabi/9.2.1/thumb/v6-m/nofp\libgcc.a(mulsf3.o)
                0x0000507c                __aeabi_fmul
 .text          0x000052b0       0x8c c:/users/mark/appdata/local/arduino15/packages/adafruit/tools/arm-none-eabi-gcc/9-2019q4/bin/../lib/gcc/arm-none-eabi/9.2.1/thumb/v6-m/nofp\libgcc.a(floatsisf.o)
                0x000052b0                __aeabi_i2f
 .text          0x0000533c      0x6d4 c:/users/mark/appdata/local/arduino15/packages/adafruit/tools/arm-none-eabi-gcc/9-2019q4/bin/../lib/gcc/arm-none-eabi/9.2.1/thumb/v6-m/nofp\libgcc.a(adddf3.o)
                0x0000533c                __aeabi_dadd
 .text          0x00005a10      0x5d0 c:/users/mark/appdata/local/arduino15/packages/adafruit/tools/arm-none-eabi-gcc/9-2019q4/bin/../lib/gcc/arm-none-eabi/9.2.1/thumb/v6-m/nofp\libgcc.a(divdf3.o)
                0x00005a10                __aeabi_ddiv
 .text          0x00005fe0       0x78 c:/users/mark/appdata/local/arduino15/packages/adafruit/tools/arm-none-eabi-gcc/9-2019q4/bin/../lib/gcc/arm-none-eabi/9.2.1/thumb/v6-m/nofp\libgcc.a(eqdf2.o)
                0x00005fe0                __nedf2
                0x00005fe0                __eqdf2
 .text          0x00006058       0xe4 c:/users/mark/appdata/local/arduino15/packages/adafruit/tools/arm-none-eabi-gcc/9-2019q4/bin/../lib/gcc/arm-none-eabi/9.2.1/thumb/v6-m/nofp\libgcc.a(gedf2.o)
                0x00006058                __gedf2
                0x00006058                __gtdf2
 .text          0x0000613c       0xe0 c:/users/mark/appdata/local/arduino15/packages/adafruit/tools/arm-none-eabi-gcc/9-2019q4/bin/../lib/gcc/arm-none-eabi/9.2.1/thumb/v6-m/nofp\libgcc.a(ledf2.o)
                0x0000613c                __ledf2
                0x0000613c                __ltdf2
 .text          0x0000621c      0x4d8 c:/users/mark/appdata/local/arduino15/packages/adafruit/tools/arm-none-eabi-gcc/9-2019q4/bin/../lib/gcc/arm-none-eabi/9.2.1/thumb/v6-m/nofp\libgcc.a(muldf3.o)
                0x0000621c                __aeabi_dmul
 .text          0x000066f4      0x724 c:/users/mark/appdata/local/arduino15/packages/adafruit/tools/arm-none-eabi-gcc/9-2019q4/bin/../lib/gcc/arm-none-eabi/9.2.1/thumb/v6-m/nofp\libgcc.a(subdf3.o)
                0x000066f4                __aeabi_dsub
 .text          0x00006e18       0x3c c:/users/mark/appdata/local/arduino15/packages/adafruit/tools/arm-none-eabi-gcc/9-2019q4/bin/../lib/gcc/arm-none-eabi/9.2.1/thumb/v6-m/nofp\libgcc.a(unorddf2.o)
                0x00006e18                __aeabi_dcmpun
 .text          0x00006e54       0x6c c:/users/mark/appdata/local/arduino15/packages/adafruit/tools/arm-none-eabi-gcc/9-2019q4/bin/../lib/gcc/arm-none-eabi/9.2.1/thumb/v6-m/nofp\libgcc.a(fixdfsi.o)
                0x00006e54                __aeabi_d2iz
 .text          0x00006ec0       0x4c c:/users/mark/appdata/local/arduino15/packages/adafruit/tools/arm-none-eabi-gcc/9-2019q4/bin/../lib/gcc/arm-none-eabi/9.2.1/thumb/v6-m/nofp\libgcc.a(floatunsidf.o)
                0x00006ec0                __aeabi_ui2d
 .text          0x00006f0c       0x90 c:/users/mark/appdata/local/arduino15/packages/adafruit/tools/arm-none-eabi-gcc/9-2019q4/bin/../lib/gcc/arm-none-eabi/9.2.1/thumb/v6-m/nofp\libgcc.a(extendsfdf2.o)
                0x00006f0c                __aeabi_f2d
 .text          0x00006f9c       0x3c c:/users/mark/appdata/local/arduino15/packages/adafruit/tools/arm-none-eabi-gcc/9-2019q4/bin/../lib/gcc/arm-none-eabi/9.2.1/thumb/v6-m/nofp\libgcc.a(_clzsi2.o)
                0x00006f9c                __clzsi2
 .text.__libc_init_array
                0x00006fd8       0x48 c:/users/mark/appdata/local/arduino15/packages/adafruit/tools/arm-none-eabi-gcc/9-2019q4/bin/../lib/gcc/arm-none-eabi/9.2.1/../../../../arm-none-eabi/lib/thumb/v6-m/nofp\libc_nano.a(lib_a-init.o)
                0x00006fd8                __libc_init_array
 .text.malloc   0x00007020       0x14 c:/users/mark/appdata/local/arduino15/packages/adafruit/tools/arm-none-eabi-gcc/9-2019q4/bin/../lib/gcc/arm-none-eabi/9.2.1/../../../../arm-none-eabi/lib/thumb/v6-m/nofp\libc_nano.a(lib_a-malloc.o)
                0x00007020                malloc
 .text.free     0x00007034       0x14 c:/users/mark/appdata/local/arduino15/packages/adafruit/tools/arm-none-eabi-gcc/9-2019q4/bin/../lib/gcc/arm-none-eabi/9.2.1/../../../../arm-none-eabi/lib/thumb/v6-m/nofp\libc_nano.a(lib_a-malloc.o)
                0x00007034                free
 .text.memcpy   0x00007048       0x12 c:/users/mark/appdata/local/arduino15/packages/adafruit/tools/arm-none-eabi-gcc/9-2019q4/bin/../lib/gcc/arm-none-eabi/9.2.1/../../../../arm-none-eabi/lib/thumb/v6-m/nofp\libc_nano.a(lib_a-memcpy-stub.o)
                0x00007048                memcpy
 .text.memset   0x0000705a       0x10 c:/users/mark/appdata/local/arduino15/packages/adafruit/tools/arm-none-eabi-gcc/9-2019q4/bin/../lib/gcc/arm-none-eabi/9.2.1/../../../../arm-none-eabi/lib/thumb/v6-m/nofp\libc_nano.a(lib_a-memset.o)
                0x0000705a                memset
 *fill*         0x0000706a        0x2 
 .text._free_r  0x0000706c       0x94 c:/users/mark/appdata/local/arduino15/packages/adafruit/tools/arm-none-eabi-gcc/9-2019q4/bin/../lib/gcc/arm-none-eabi/9.2.1/../../../../arm-none-eabi/lib/thumb/v6-m/nofp\libc_nano.a(lib_a-nano-freer.o)
                0x0000706c                _free_r
 .text._malloc_r
                0x00007100       0xbc c:/users/mark/appdata/local/arduino15/packages/adafruit/tools/arm-none-eabi-gcc/9-2019q4/bin/../lib/gcc/arm-none-eabi/9.2.1/../../../../arm-none-eabi/lib/thumb/v6-m/nofp\libc_nano.a(lib_a-nano-mallocr.o)
                0x00007100                _malloc_r
 .text._sbrk_r  0x000071bc       0x24 c:/users/mark/appdata/local/arduino15/packages/adafruit/tools/arm-none-eabi-gcc/9-2019q4/bin/../lib/gcc/arm-none-eabi/9.2.1/../../../../arm-none-eabi/lib/thumb/v6-m/nofp\libc_nano.a(lib_a-sbrkr.o)
                0x000071bc                _sbrk_r
 .text          0x000071e0        0xe c:/users/mark/appdata/local/arduino15/packages/adafruit/tools/arm-none-eabi-gcc/9-2019q4/bin/../lib/gcc/arm-none-eabi/9.2.1/../../../../arm-none-eabi/lib/thumb/v6-m/nofp\libc_nano.a(lib_a-strlen.o)
                0x000071e0                strlen
 *fill*         0x000071ee        0x2 
 .text.__malloc_lock
                0x000071f0       0x10 c:/users/mark/appdata/local/arduino15/packages/adafruit/tools/arm-none-eabi-gcc/9-2019q4/bin/../lib/gcc/arm-none-eabi/9.2.1/../../../../arm-none-eabi/lib/thumb/v6-m/nofp\libc_nano.a(lib_a-mlock.o)
                0x000071f0                __malloc_lock
 .text.__malloc_unlock
                0x00007200       0x10 c:/users/mark/appdata/local/arduino15/packages/adafruit/tools/arm-none-eabi-gcc/9-2019q4/bin/../lib/gcc/arm-none-eabi/9.2.1/../../../../arm-none-eabi/lib/thumb/v6-m/nofp\libc_nano.a(lib_a-mlock.o)
                0x00007200                __malloc_unlock
 .text.__retarget_lock_acquire_recursive
                0x00007210        0x2 c:/users/mark/appdata/local/arduino15/packages/adafruit/tools/arm-none-eabi-gcc/9-2019q4/bin/../lib/gcc/arm-none-eabi/9.2.1/../../../../arm-none-eabi/lib/thumb/v6-m/nofp\libc_nano.a(lib_a-lock.o)
                0x00007210                __retarget_lock_acquire_recursive
 .text.__retarget_lock_release_recursive
                0x00007212        0x2 c:/users/mark/appdata/local/arduino15/packages/adafruit/tools/arm-none-eabi-gcc/9-2019q4/bin/../lib/gcc/arm-none-eabi/9.2.1/../../../../arm-none-eabi/lib/thumb/v6-m/nofp\libc_nano.a(lib_a-lock.o)
                0x00007212                __retarget_lock_release_recursive
 .text._sbrk    0x00007214       0x1c c:/users/mark/appdata/local/arduino15/packages/adafruit/tools/arm-none-eabi-gcc/9-2019q4/bin/../lib/gcc/arm-none-eabi/9.2.1/../../../../arm-none-eabi/lib/thumb/v6-m/nofp\libnosys.a(sbrk.o)
                0x00007214                _sbrk
 *(.init)
 .init          0x00007230        0x4 c:/users/mark/appdata/local/arduino15/packages/adafruit/tools/arm-none-eabi-gcc/9-2019q4/bin/../lib/gcc/arm-none-eabi/9.2.1/thumb/v6-m/nofp/crti.o
                0x00007230                _init
 .init          0x00007234        0x8 c:/users/mark/appdata/local/arduino15/packages/adafruit/tools/arm-none-eabi-gcc/9-2019q4/bin/../lib/gcc/arm-none-eabi/9.2.1/thumb/v6-m/nofp/crtn.o
 *(.fini)
 .fini          0x0000723c        0x4 c:/users/mark/appdata/local/arduino15/packages/adafruit/tools/arm-none-eabi-gcc/9-2019q4/bin/../lib/gcc/arm-none-eabi/9.2.1/thumb/v6-m/nofp/crti.o
                0x0000723c                _fini
 .fini          0x00007240        0x8 c:/users/mark/appdata/local/arduino15/packages/adafruit/tools/arm-none-eabi-gcc/9-2019q4/bin/../lib/gcc/arm-none-eabi/9.2.1/thumb/v6-m/nofp/crtn.o
 *crtbegin.o(.ctors)
 *crtbegin?.o(.ctors)
 *(EXCLUDE_FILE(*crtend.o *crtend?.o) .ctors)
 *(SORT_BY_NAME(.ctors.*))
 *(.ctors)
 *crtbegin.o(.dtors)
 *crtbegin?.o(.dtors)
 *(EXCLUDE_FILE(*crtend.o *crtend?.o) .dtors)
 *(SORT_BY_NAME(.dtors.*))
 *(.dtors)
 *(.rodata*)
 .rodata._Z22setup_Irrigation_Valvev.str1.1
                0x00007248       0x1d C:\Users\mark\Desktop\Synnefa IoT\synnefa firmware\farmshield\build_output\sketch\src\libraries\irrigationValve\irrigationValve.cpp.o
 .rodata._Z21open_Irrigation_Valvev.str1.1
                0x00007265       0x18 C:\Users\mark\Desktop\Synnefa IoT\synnefa firmware\farmshield\build_output\sketch\src\libraries\irrigationValve\irrigationValve.cpp.o
 .rodata._Z22close_Irrigation_Valvev.str1.1
                0x0000727d       0x18 C:\Users\mark\Desktop\Synnefa IoT\synnefa firmware\farmshield\build_output\sketch\src\libraries\irrigationValve\irrigationValve.cpp.o
 .rodata._Z27get_Irrigation_Valve_Statusv.str1.1
                0x00007295       0x1f C:\Users\mark\Desktop\Synnefa IoT\synnefa firmware\farmshield\build_output\sketch\src\libraries\irrigationValve\irrigationValve.cpp.o
                                 0x26 (size before relaxing)
 .rodata._Z22check_Soil_Temperaturev.str1.1
                0x000072b4       0x16 C:\Users\mark\Desktop\Synnefa IoT\synnefa firmware\farmshield\build_output\sketch\src\libraries\soilTemp\soilTemp.cpp.o
 .rodata._ZL15dscrc2x16_table
                0x000072ca       0x20 C:\Users\mark\Desktop\Synnefa IoT\synnefa firmware\farmshield\build_output\libraries\OneWire\OneWire.cpp.o
 .rodata.CSWTCH.67
                0x000072ea        0x6 C:\Users\mark\Desktop\Synnefa IoT\synnefa firmware\farmshield\build_output\libraries\DallasTemperature\DallasTemperature.cpp.o
 .rodata.g_APinDescription
                0x000072f0      0x408 C:\Users\mark\Desktop\Synnefa IoT\synnefa firmware\farmshield\build_output\core\variant.cpp.o
                0x000072f0                g_APinDescription
 .rodata._ZN5Print7printlnEv.str1.1
                0x000076f8        0x3 C:\Users\mark\Desktop\Synnefa IoT\synnefa firmware\farmshield\build_output/..\..\..\..\..\AppData\Local\Temp\arduino\cores\456a8d0bf14d3aa01ebb57b084f1e7f7\core.a(Print.cpp.o)
 .rodata._ZN5Print10printFloatEdh.str1.1
                0x000076fb        0xe C:\Users\mark\Desktop\Synnefa IoT\synnefa firmware\farmshield\build_output/..\..\..\..\..\AppData\Local\Temp\arduino\cores\456a8d0bf14d3aa01ebb57b084f1e7f7\core.a(Print.cpp.o)
 *fill*         0x00007709        0x3 
 .rodata._ZL10sercomData
                0x0000770c       0x30 C:\Users\mark\Desktop\Synnefa IoT\synnefa firmware\farmshield\build_output/..\..\..\..\..\AppData\Local\Temp\arduino\cores\456a8d0bf14d3aa01ebb57b084f1e7f7\core.a(SERCOM.cpp.o)
 .rodata._ZTV7Serial_
                0x0000773c       0x24 C:\Users\mark\Desktop\Synnefa IoT\synnefa firmware\farmshield\build_output/..\..\..\..\..\AppData\Local\Temp\arduino\cores\456a8d0bf14d3aa01ebb57b084f1e7f7\core.a(CDC.cpp.o)
                0x0000773c                vtable for Serial_
 .rodata._ZN14USBDeviceClass19handleStandardSetupER8USBSetup.str1.1
                0x00007760        0xe C:\Users\mark\Desktop\Synnefa IoT\synnefa firmware\farmshield\build_output/..\..\..\..\..\AppData\Local\Temp\arduino\cores\456a8d0bf14d3aa01ebb57b084f1e7f7\core.a(USBCore.cpp.o)
                                  0x1 (size before relaxing)
 .rodata._ZTV26DoubleBufferedEPOutHandler
                0x00007760       0x20 C:\Users\mark\Desktop\Synnefa IoT\synnefa firmware\farmshield\build_output/..\..\..\..\..\AppData\Local\Temp\arduino\cores\456a8d0bf14d3aa01ebb57b084f1e7f7\core.a(USBCore.cpp.o)
                0x00007760                vtable for DoubleBufferedEPOutHandler
 .rodata._ZL14STRING_PRODUCT
                0x00007780       0x13 C:\Users\mark\Desktop\Synnefa IoT\synnefa firmware\farmshield\build_output/..\..\..\..\..\AppData\Local\Temp\arduino\cores\456a8d0bf14d3aa01ebb57b084f1e7f7\core.a(USBCore.cpp.o)
 *fill*         0x00007793        0x1 
 .rodata._ZL15STRING_LANGUAGE
                0x00007794        0x4 C:\Users\mark\Desktop\Synnefa IoT\synnefa firmware\farmshield\build_output/..\..\..\..\..\AppData\Local\Temp\arduino\cores\456a8d0bf14d3aa01ebb57b084f1e7f7\core.a(USBCore.cpp.o)
 .rodata._ZL19STRING_MANUFACTURER
                0x00007798        0x9 C:\Users\mark\Desktop\Synnefa IoT\synnefa firmware\farmshield\build_output/..\..\..\..\..\AppData\Local\Temp\arduino\cores\456a8d0bf14d3aa01ebb57b084f1e7f7\core.a(USBCore.cpp.o)
 .rodata._ZL21USB_DeviceDescriptorB
                0x000077a1       0x12 C:\Users\mark\Desktop\Synnefa IoT\synnefa firmware\farmshield\build_output/..\..\..\..\..\AppData\Local\Temp\arduino\cores\456a8d0bf14d3aa01ebb57b084f1e7f7\core.a(USBCore.cpp.o)
 *fill*         0x000077b3        0x1 
 .rodata._ZTV4Uart
                0x000077b4       0x34 C:\Users\mark\Desktop\Synnefa IoT\synnefa firmware\farmshield\build_output/..\..\..\..\..\AppData\Local\Temp\arduino\cores\456a8d0bf14d3aa01ebb57b084f1e7f7\core.a(Uart.cpp.o)
                0x000077b4                vtable for Uart
 .rodata        0x000077e8       0x40 c:/users/mark/appdata/local/arduino15/packages/adafruit/tools/arm-none-eabi-gcc/9-2019q4/bin/../lib/gcc/arm-none-eabi/9.2.1/thumb/v6-m/nofp\libgcc.a(mulsf3.o)
 .rodata        0x00007828       0x40 c:/users/mark/appdata/local/arduino15/packages/adafruit/tools/arm-none-eabi-gcc/9-2019q4/bin/../lib/gcc/arm-none-eabi/9.2.1/thumb/v6-m/nofp\libgcc.a(divdf3.o)
 .rodata        0x00007868       0x40 c:/users/mark/appdata/local/arduino15/packages/adafruit/tools/arm-none-eabi-gcc/9-2019q4/bin/../lib/gcc/arm-none-eabi/9.2.1/thumb/v6-m/nofp\libgcc.a(muldf3.o)
 *(.eh_frame*)
 .eh_frame      0x000078a8        0x0 c:/users/mark/appdata/local/arduino15/packages/adafruit/tools/arm-none-eabi-gcc/9-2019q4/bin/../lib/gcc/arm-none-eabi/9.2.1/thumb/v6-m/nofp/crtbegin.o
 .eh_frame      0x000078a8        0x4 c:/users/mark/appdata/local/arduino15/packages/adafruit/tools/arm-none-eabi-gcc/9-2019q4/bin/../lib/gcc/arm-none-eabi/9.2.1/thumb/v6-m/nofp/crtend.o

.glue_7         0x000078ac        0x0
 .glue_7        0x000078ac        0x0 linker stubs

.glue_7t        0x000078ac        0x0
 .glue_7t       0x000078ac        0x0 linker stubs

.vfp11_veneer   0x000078ac        0x0
 .vfp11_veneer  0x000078ac        0x0 linker stubs

.v4_bx          0x000078ac        0x0
 .v4_bx         0x000078ac        0x0 linker stubs

.iplt           0x000078ac        0x0
 .iplt          0x000078ac        0x0 c:/users/mark/appdata/local/arduino15/packages/adafruit/tools/arm-none-eabi-gcc/9-2019q4/bin/../lib/gcc/arm-none-eabi/9.2.1/thumb/v6-m/nofp/crtbegin.o

.rel.dyn        0x000078ac        0x0
 .rel.iplt      0x000078ac        0x0 c:/users/mark/appdata/local/arduino15/packages/adafruit/tools/arm-none-eabi-gcc/9-2019q4/bin/../lib/gcc/arm-none-eabi/9.2.1/thumb/v6-m/nofp/crtbegin.o

.ARM.extab
 *(.ARM.extab* .gnu.linkonce.armextab.*)
                0x000078ac                __exidx_start = .

.ARM.exidx
 *(.ARM.exidx* .gnu.linkonce.armexidx.*)
                0x000078ac                __exidx_end = .
                0x000078ac                __etext = .

.data           0x20000000      0x100 load address 0x000078ac
                0x20000000                __data_start__ = .
 *(vtable)
 *(.data*)
 .data._ZL10breakValue
                0x20000000        0x4 C:\Users\mark\Desktop\Synnefa IoT\synnefa firmware\farmshield\build_output/..\..\..\..\..\AppData\Local\Temp\arduino\cores\456a8d0bf14d3aa01ebb57b084f1e7f7\core.a(CDC.cpp.o)
 .data._ZL12_usbLineInfo
                0x20000004        0x8 C:\Users\mark\Desktop\Synnefa IoT\synnefa firmware\farmshield\build_output/..\..\..\..\..\AppData\Local\Temp\arduino\cores\456a8d0bf14d3aa01ebb57b084f1e7f7\core.a(CDC.cpp.o)
 .data._ZL13_cdcInterface
                0x2000000c       0x42 C:\Users\mark\Desktop\Synnefa IoT\synnefa firmware\farmshield\build_output/..\..\..\..\..\AppData\Local\Temp\arduino\cores\456a8d0bf14d3aa01ebb57b084f1e7f7\core.a(CDC.cpp.o)
 *fill*         0x2000004e        0x2 
 .data._serialPeek
                0x20000050        0x4 C:\Users\mark\Desktop\Synnefa IoT\synnefa firmware\farmshield\build_output/..\..\..\..\..\AppData\Local\Temp\arduino\cores\456a8d0bf14d3aa01ebb57b084f1e7f7\core.a(CDC.cpp.o)
                0x20000050                _serialPeek
 .data.EndPoints
                0x20000054       0x28 C:\Users\mark\Desktop\Synnefa IoT\synnefa firmware\farmshield\build_output/..\..\..\..\..\AppData\Local\Temp\arduino\cores\456a8d0bf14d3aa01ebb57b084f1e7f7\core.a(USBCore.cpp.o)
                0x20000054                EndPoints
 .data.SystemCoreClock
                0x2000007c        0x4 C:\Users\mark\Desktop\Synnefa IoT\synnefa firmware\farmshield\build_output/..\..\..\..\..\AppData\Local\Temp\arduino\cores\456a8d0bf14d3aa01ebb57b084f1e7f7\core.a(wiring.c.o)
                0x2000007c                SystemCoreClock
 .data._ZL5ticks
                0x20000080        0x4 C:\Users\mark\Desktop\Synnefa IoT\synnefa firmware\farmshield\build_output/..\..\..\..\..\AppData\Local\Temp\arduino\cores\456a8d0bf14d3aa01ebb57b084f1e7f7\core.a(Reset.cpp.o)
 .data._impure_ptr
                0x20000084        0x4 c:/users/mark/appdata/local/arduino15/packages/adafruit/tools/arm-none-eabi-gcc/9-2019q4/bin/../lib/gcc/arm-none-eabi/9.2.1/../../../../arm-none-eabi/lib/thumb/v6-m/nofp\libc_nano.a(lib_a-impure.o)
                0x20000084                _impure_ptr
 .data.impure_data
                0x20000088       0x60 c:/users/mark/appdata/local/arduino15/packages/adafruit/tools/arm-none-eabi-gcc/9-2019q4/bin/../lib/gcc/arm-none-eabi/9.2.1/../../../../arm-none-eabi/lib/thumb/v6-m/nofp\libc_nano.a(lib_a-impure.o)
                0x200000e8                . = ALIGN (0x4)
                0x200000e8                PROVIDE (__preinit_array_start = .)
 *(.preinit_array)
                0x200000e8                PROVIDE (__preinit_array_end = .)
                0x200000e8                . = ALIGN (0x4)
                0x200000e8                PROVIDE (__init_array_start = .)
 *(SORT_BY_NAME(.init_array.*))
 *(.init_array)
 .init_array    0x200000e8        0x4 c:/users/mark/appdata/local/arduino15/packages/adafruit/tools/arm-none-eabi-gcc/9-2019q4/bin/../lib/gcc/arm-none-eabi/9.2.1/thumb/v6-m/nofp/crtbegin.o
 .init_array    0x200000ec        0x4 C:\Users\mark\Desktop\Synnefa IoT\synnefa firmware\farmshield\build_output\sketch\src\libraries\soilTemp\soilTemp.cpp.o
 .init_array    0x200000f0        0x4 C:\Users\mark\Desktop\Synnefa IoT\synnefa firmware\farmshield\build_output\core\variant.cpp.o
 .init_array    0x200000f4        0x4 C:\Users\mark\Desktop\Synnefa IoT\synnefa firmware\farmshield\build_output/..\..\..\..\..\AppData\Local\Temp\arduino\cores\456a8d0bf14d3aa01ebb57b084f1e7f7\core.a(CDC.cpp.o)
 .init_array    0x200000f8        0x4 C:\Users\mark\Desktop\Synnefa IoT\synnefa firmware\farmshield\build_output/..\..\..\..\..\AppData\Local\Temp\arduino\cores\456a8d0bf14d3aa01ebb57b084f1e7f7\core.a(USBCore.cpp.o)
                0x200000fc                PROVIDE (__init_array_end = .)
                0x200000fc                . = ALIGN (0x4)
                [!provide]                PROVIDE (__fini_array_start = .)
 *(SORT_BY_NAME(.fini_array.*))
 *(.fini_array)
 .fini_array    0x200000fc        0x4 c:/users/mark/appdata/local/arduino15/packages/adafruit/tools/arm-none-eabi-gcc/9-2019q4/bin/../lib/gcc/arm-none-eabi/9.2.1/thumb/v6-m/nofp/crtbegin.o
                [!provide]                PROVIDE (__fini_array_end = .)
 *(.jcr*)
                0x20000100                . = ALIGN (0x10)
                0x20000100                __data_end__ = .

.igot.plt       0x20000100        0x0 load address 0x000079ac
 .igot.plt      0x20000100        0x0 c:/users/mark/appdata/local/arduino15/packages/adafruit/tools/arm-none-eabi-gcc/9-2019q4/bin/../lib/gcc/arm-none-eabi/9.2.1/thumb/v6-m/nofp/crtbegin.o

.bss            0x20000100      0x970 load address 0x000079ac
                0x20000100                . = ALIGN (0x4)
                0x20000100                __bss_start__ = .
 *(.bss*)
 .bss           0x20000100       0x1c c:/users/mark/appdata/local/arduino15/packages/adafruit/tools/arm-none-eabi-gcc/9-2019q4/bin/../lib/gcc/arm-none-eabi/9.2.1/thumb/v6-m/nofp/crtbegin.o
 .bss.currentValveState
                0x2000011c        0x1 C:\Users\mark\Desktop\Synnefa IoT\synnefa firmware\farmshield\build_output\sketch\app.ino.cpp.o
                0x2000011c                currentValveState
 *fill*         0x2000011d        0x3 
 .bss.oneWire   0x20000120       0x14 C:\Users\mark\Desktop\Synnefa IoT\synnefa firmware\farmshield\build_output\sketch\src\libraries\soilTemp\soilTemp.cpp.o
                0x20000120                oneWire
 .bss.sensors   0x20000134       0x20 C:\Users\mark\Desktop\Synnefa IoT\synnefa firmware\farmshield\build_output\sketch\src\libraries\soilTemp\soilTemp.cpp.o
                0x20000134                sensors
 .bss.Serial1   0x20000154      0x2fc C:\Users\mark\Desktop\Synnefa IoT\synnefa firmware\farmshield\build_output\core\variant.cpp.o
                0x20000154                Serial1
 .bss.sercom0   0x20000450        0x4 C:\Users\mark\Desktop\Synnefa IoT\synnefa firmware\farmshield\build_output\core\variant.cpp.o
                0x20000450                sercom0
 .bss.sercom1   0x20000454        0x4 C:\Users\mark\Desktop\Synnefa IoT\synnefa firmware\farmshield\build_output\core\variant.cpp.o
                0x20000454                sercom1
 .bss.sercom2   0x20000458        0x4 C:\Users\mark\Desktop\Synnefa IoT\synnefa firmware\farmshield\build_output\core\variant.cpp.o
                0x20000458                sercom2
 .bss.sercom3   0x2000045c        0x4 C:\Users\mark\Desktop\Synnefa IoT\synnefa firmware\farmshield\build_output\core\variant.cpp.o
                0x2000045c                sercom3
 .bss.sercom4   0x20000460        0x4 C:\Users\mark\Desktop\Synnefa IoT\synnefa firmware\farmshield\build_output\core\variant.cpp.o
                0x20000460                sercom4
 .bss.sercom5   0x20000464        0x4 C:\Users\mark\Desktop\Synnefa IoT\synnefa firmware\farmshield\build_output\core\variant.cpp.o
                0x20000464                sercom5
 .bss.Serial    0x20000468       0x1c C:\Users\mark\Desktop\Synnefa IoT\synnefa firmware\farmshield\build_output/..\..\..\..\..\AppData\Local\Temp\arduino\cores\456a8d0bf14d3aa01ebb57b084f1e7f7\core.a(CDC.cpp.o)
                0x20000468                Serial
 .bss.USBDevice
                0x20000484        0x1 C:\Users\mark\Desktop\Synnefa IoT\synnefa firmware\farmshield\build_output/..\..\..\..\..\AppData\Local\Temp\arduino\cores\456a8d0bf14d3aa01ebb57b084f1e7f7\core.a(USBCore.cpp.o)
                0x20000484                USBDevice
 *fill*         0x20000485        0x3 
 .bss._ZL10epHandlers
                0x20000488       0x1c C:\Users\mark\Desktop\Synnefa IoT\synnefa firmware\farmshield\build_output/..\..\..\..\..\AppData\Local\Temp\arduino\cores\456a8d0bf14d3aa01ebb57b084f1e7f7\core.a(USBCore.cpp.o)
 .bss._ZL10rxLEDPulse
                0x200004a4        0x1 C:\Users\mark\Desktop\Synnefa IoT\synnefa firmware\farmshield\build_output/..\..\..\..\..\AppData\Local\Temp\arduino\cores\456a8d0bf14d3aa01ebb57b084f1e7f7\core.a(USBCore.cpp.o)
 .bss._ZL10txLEDPulse
                0x200004a5        0x1 C:\Users\mark\Desktop\Synnefa IoT\synnefa firmware\farmshield\build_output/..\..\..\..\..\AppData\Local\Temp\arduino\cores\456a8d0bf14d3aa01ebb57b084f1e7f7\core.a(USBCore.cpp.o)
 .bss._ZL14isEndpointHalt
                0x200004a6        0x1 C:\Users\mark\Desktop\Synnefa IoT\synnefa firmware\farmshield\build_output/..\..\..\..\..\AppData\Local\Temp\arduino\cores\456a8d0bf14d3aa01ebb57b084f1e7f7\core.a(USBCore.cpp.o)
 .bss._ZL20LastTransmitTimedOut
                0x200004a7        0x7 C:\Users\mark\Desktop\Synnefa IoT\synnefa firmware\farmshield\build_output/..\..\..\..\..\AppData\Local\Temp\arduino\cores\456a8d0bf14d3aa01ebb57b084f1e7f7\core.a(USBCore.cpp.o)
 .bss._ZL21isRemoteWakeUpEnabled
                0x200004ae        0x1 C:\Users\mark\Desktop\Synnefa IoT\synnefa firmware\farmshield\build_output/..\..\..\..\..\AppData\Local\Temp\arduino\cores\456a8d0bf14d3aa01ebb57b084f1e7f7\core.a(USBCore.cpp.o)
 *fill*         0x200004af        0x1 
 .bss._ZL22udd_ep_in_cache_buffer
                0x200004b0      0x1c0 C:\Users\mark\Desktop\Synnefa IoT\synnefa firmware\farmshield\build_output/..\..\..\..\..\AppData\Local\Temp\arduino\cores\456a8d0bf14d3aa01ebb57b084f1e7f7\core.a(USBCore.cpp.o)
 .bss._ZL23udd_ep_out_cache_buffer
                0x20000670      0x1c0 C:\Users\mark\Desktop\Synnefa IoT\synnefa firmware\farmshield\build_output/..\..\..\..\..\AppData\Local\Temp\arduino\cores\456a8d0bf14d3aa01ebb57b084f1e7f7\core.a(USBCore.cpp.o)
 .bss._dry_run  0x20000830        0x1 C:\Users\mark\Desktop\Synnefa IoT\synnefa firmware\farmshield\build_output/..\..\..\..\..\AppData\Local\Temp\arduino\cores\456a8d0bf14d3aa01ebb57b084f1e7f7\core.a(USBCore.cpp.o)
                0x20000830                _dry_run
 .bss._pack_buffer
                0x20000831      0x100 C:\Users\mark\Desktop\Synnefa IoT\synnefa firmware\farmshield\build_output/..\..\..\..\..\AppData\Local\Temp\arduino\cores\456a8d0bf14d3aa01ebb57b084f1e7f7\core.a(USBCore.cpp.o)
                0x20000831                _pack_buffer
 .bss._pack_message
                0x20000931        0x1 C:\Users\mark\Desktop\Synnefa IoT\synnefa firmware\farmshield\build_output/..\..\..\..\..\AppData\Local\Temp\arduino\cores\456a8d0bf14d3aa01ebb57b084f1e7f7\core.a(USBCore.cpp.o)
                0x20000931                _pack_message
 .bss._pack_size
                0x20000932        0x2 C:\Users\mark\Desktop\Synnefa IoT\synnefa firmware\farmshield\build_output/..\..\..\..\..\AppData\Local\Temp\arduino\cores\456a8d0bf14d3aa01ebb57b084f1e7f7\core.a(USBCore.cpp.o)
                0x20000932                _pack_size
 .bss._usbConfiguration
                0x20000934        0x4 C:\Users\mark\Desktop\Synnefa IoT\synnefa firmware\farmshield\build_output/..\..\..\..\..\AppData\Local\Temp\arduino\cores\456a8d0bf14d3aa01ebb57b084f1e7f7\core.a(USBCore.cpp.o)
                0x20000934                _usbConfiguration
 .bss._usbSetInterface
                0x20000938        0x4 C:\Users\mark\Desktop\Synnefa IoT\synnefa firmware\farmshield\build_output/..\..\..\..\..\AppData\Local\Temp\arduino\cores\456a8d0bf14d3aa01ebb57b084f1e7f7\core.a(USBCore.cpp.o)
                0x20000938                _usbSetInterface
 .bss.usbd      0x2000093c      0x104 C:\Users\mark\Desktop\Synnefa IoT\synnefa firmware\farmshield\build_output/..\..\..\..\..\AppData\Local\Temp\arduino\cores\456a8d0bf14d3aa01ebb57b084f1e7f7\core.a(USBCore.cpp.o)
                0x2000093c                usbd
 .bss.usb_isr   0x20000a40        0x4 C:\Users\mark\Desktop\Synnefa IoT\synnefa firmware\farmshield\build_output/..\..\..\..\..\AppData\Local\Temp\arduino\cores\456a8d0bf14d3aa01ebb57b084f1e7f7\core.a(cortex_handlers.c.o)
 .bss._ulTickCount
                0x20000a44        0x4 C:\Users\mark\Desktop\Synnefa IoT\synnefa firmware\farmshield\build_output/..\..\..\..\..\AppData\Local\Temp\arduino\cores\456a8d0bf14d3aa01ebb57b084f1e7f7\core.a(delay.c.o)
 .bss._ZGVZ12PluggableUSBvE3obj
                0x20000a48        0x4 C:\Users\mark\Desktop\Synnefa IoT\synnefa firmware\farmshield\build_output/..\..\..\..\..\AppData\Local\Temp\arduino\cores\456a8d0bf14d3aa01ebb57b084f1e7f7\core.a(PluggableUSB.cpp.o)
 .bss._ZZ12PluggableUSBvE3obj
                0x20000a4c        0x8 C:\Users\mark\Desktop\Synnefa IoT\synnefa firmware\farmshield\build_output/..\..\..\..\..\AppData\Local\Temp\arduino\cores\456a8d0bf14d3aa01ebb57b084f1e7f7\core.a(PluggableUSB.cpp.o)
 .bss.__malloc_free_list
                0x20000a54        0x4 c:/users/mark/appdata/local/arduino15/packages/adafruit/tools/arm-none-eabi-gcc/9-2019q4/bin/../lib/gcc/arm-none-eabi/9.2.1/../../../../arm-none-eabi/lib/thumb/v6-m/nofp\libc_nano.a(lib_a-nano-mallocr.o)
                0x20000a54                __malloc_free_list
 .bss.__malloc_sbrk_start
                0x20000a58        0x4 c:/users/mark/appdata/local/arduino15/packages/adafruit/tools/arm-none-eabi-gcc/9-2019q4/bin/../lib/gcc/arm-none-eabi/9.2.1/../../../../arm-none-eabi/lib/thumb/v6-m/nofp\libc_nano.a(lib_a-nano-mallocr.o)
                0x20000a58                __malloc_sbrk_start
 .bss.heap_end.4144
                0x20000a5c        0x4 c:/users/mark/appdata/local/arduino15/packages/adafruit/tools/arm-none-eabi-gcc/9-2019q4/bin/../lib/gcc/arm-none-eabi/9.2.1/../../../../arm-none-eabi/lib/thumb/v6-m/nofp\libnosys.a(sbrk.o)
 *(COMMON)
 COMMON         0x20000a60        0x4 c:/users/mark/appdata/local/arduino15/packages/adafruit/tools/arm-none-eabi-gcc/9-2019q4/bin/../lib/gcc/arm-none-eabi/9.2.1/../../../../arm-none-eabi/lib/thumb/v6-m/nofp\libc_nano.a(lib_a-reent.o)
                0x20000a60                errno
 COMMON         0x20000a64        0x9 c:/users/mark/appdata/local/arduino15/packages/adafruit/tools/arm-none-eabi-gcc/9-2019q4/bin/../lib/gcc/arm-none-eabi/9.2.1/../../../../arm-none-eabi/lib/thumb/v6-m/nofp\libc_nano.a(lib_a-lock.o)
                0x20000a64                __lock___atexit_recursive_mutex
                0x20000a65                __lock___arc4random_mutex
                0x20000a66                __lock___env_recursive_mutex
                0x20000a67                __lock___sinit_recursive_mutex
                0x20000a68                __lock___malloc_recursive_mutex
                0x20000a69                __lock___at_quick_exit_mutex
                0x20000a6a                __lock___dd_hash_mutex
                0x20000a6b                __lock___tz_mutex
                0x20000a6c                __lock___sfp_recursive_mutex
                0x20000a70                . = ALIGN (0x4)
 *fill*         0x20000a6d        0x3 
                0x20000a70                __bss_end__ = .

.heap           0x20000a70        0x0
                0x20000a70                __end__ = .
                0x20000a70                PROVIDE (end = .)
 *(.heap*)
                0x20000a70                __HeapLimit = .

.stack_dummy    0x20000a70        0x0
 *(.stack*)
                0x20008000                __StackTop = (ORIGIN (RAM) + LENGTH (RAM))
                0x20008000                __StackLimit = (__StackTop - SIZEOF (.stack_dummy))
                0x20008000                PROVIDE (__stack = __StackTop)
                0x20007fff                __ram_end__ = ((ORIGIN (RAM) + LENGTH (RAM)) - 0x1)
                0x00000001                ASSERT ((__StackLimit >= __HeapLimit), region RAM overflowed with stack)
OUTPUT(C:\Users\mark\Desktop\Synnefa IoT\synnefa firmware\farmshield\build_output/app.ino.elf elf32-littlearm)

.ARM.attributes
                0x00000000       0x28
 .ARM.attributes
                0x00000000       0x1e c:/users/mark/appdata/local/arduino15/packages/adafruit/tools/arm-none-eabi-gcc/9-2019q4/bin/../lib/gcc/arm-none-eabi/9.2.1/thumb/v6-m/nofp/crti.o
 .ARM.attributes
                0x0000001e       0x2c c:/users/mark/appdata/local/arduino15/packages/adafruit/tools/arm-none-eabi-gcc/9-2019q4/bin/../lib/gcc/arm-none-eabi/9.2.1/thumb/v6-m/nofp/crtbegin.o
 .ARM.attributes
                0x0000004a       0x2c C:\Users\mark\Desktop\Synnefa IoT\synnefa firmware\farmshield\build_output\sketch\app.ino.cpp.o
 .ARM.attributes
                0x00000076       0x2c C:\Users\mark\Desktop\Synnefa IoT\synnefa firmware\farmshield\build_output\sketch\src\libraries\irrigationValve\irrigationValve.cpp.o
 .ARM.attributes